###############################################################################
#
# IAR ELF Linker V8.32.1.169/W32 for ARM                  17/Aug/2023  11:30:19
# Copyright 2007-2018 IAR Systems AB.
#
#    Output file  =  
#        C:\Users\I_LOVE\Documents\GitHub\K_segment_driver\EWARM\K_segment_driver\Exe\K_segment_driver.out
#    Map file     =  
#        C:\Users\I_LOVE\Documents\GitHub\K_segment_driver\EWARM\K_segment_driver\List\K_segment_driver.map
#    Command line =  
#        -f C:\Users\I_LOVE\AppData\Local\Temp\EW957C.tmp
#        (C:\Users\I_LOVE\Documents\GitHub\K_segment_driver\EWARM\K_segment_driver\Obj\main.o
#        C:\Users\I_LOVE\Documents\GitHub\K_segment_driver\EWARM\K_segment_driver\Obj\startup_stm32f030x8.o
#        C:\Users\I_LOVE\Documents\GitHub\K_segment_driver\EWARM\K_segment_driver\Obj\stm32f0xx_hal.o
#        C:\Users\I_LOVE\Documents\GitHub\K_segment_driver\EWARM\K_segment_driver\Obj\stm32f0xx_hal_cortex.o
#        C:\Users\I_LOVE\Documents\GitHub\K_segment_driver\EWARM\K_segment_driver\Obj\stm32f0xx_hal_dma.o
#        C:\Users\I_LOVE\Documents\GitHub\K_segment_driver\EWARM\K_segment_driver\Obj\stm32f0xx_hal_exti.o
#        C:\Users\I_LOVE\Documents\GitHub\K_segment_driver\EWARM\K_segment_driver\Obj\stm32f0xx_hal_flash.o
#        C:\Users\I_LOVE\Documents\GitHub\K_segment_driver\EWARM\K_segment_driver\Obj\stm32f0xx_hal_flash_ex.o
#        C:\Users\I_LOVE\Documents\GitHub\K_segment_driver\EWARM\K_segment_driver\Obj\stm32f0xx_hal_gpio.o
#        C:\Users\I_LOVE\Documents\GitHub\K_segment_driver\EWARM\K_segment_driver\Obj\stm32f0xx_hal_i2c.o
#        C:\Users\I_LOVE\Documents\GitHub\K_segment_driver\EWARM\K_segment_driver\Obj\stm32f0xx_hal_i2c_ex.o
#        C:\Users\I_LOVE\Documents\GitHub\K_segment_driver\EWARM\K_segment_driver\Obj\stm32f0xx_hal_msp.o
#        C:\Users\I_LOVE\Documents\GitHub\K_segment_driver\EWARM\K_segment_driver\Obj\stm32f0xx_hal_pwr.o
#        C:\Users\I_LOVE\Documents\GitHub\K_segment_driver\EWARM\K_segment_driver\Obj\stm32f0xx_hal_pwr_ex.o
#        C:\Users\I_LOVE\Documents\GitHub\K_segment_driver\EWARM\K_segment_driver\Obj\stm32f0xx_hal_rcc.o
#        C:\Users\I_LOVE\Documents\GitHub\K_segment_driver\EWARM\K_segment_driver\Obj\stm32f0xx_hal_rcc_ex.o
#        C:\Users\I_LOVE\Documents\GitHub\K_segment_driver\EWARM\K_segment_driver\Obj\stm32f0xx_hal_tim.o
#        C:\Users\I_LOVE\Documents\GitHub\K_segment_driver\EWARM\K_segment_driver\Obj\stm32f0xx_hal_tim_ex.o
#        C:\Users\I_LOVE\Documents\GitHub\K_segment_driver\EWARM\K_segment_driver\Obj\stm32f0xx_it.o
#        C:\Users\I_LOVE\Documents\GitHub\K_segment_driver\EWARM\K_segment_driver\Obj\support.o
#        C:\Users\I_LOVE\Documents\GitHub\K_segment_driver\EWARM\K_segment_driver\Obj\system_stm32f0xx.o
#        C:\Users\I_LOVE\Documents\GitHub\K_segment_driver\EWARM\K_segment_driver\Obj\user_main.o
#        --no_out_extension -o
#        C:\Users\I_LOVE\Documents\GitHub\K_segment_driver\EWARM\K_segment_driver\Exe\K_segment_driver.out
#        --redirect _Printf=_PrintfFullNoMb --redirect _Scanf=_ScanfFullNoMb
#        --map
#        C:\Users\I_LOVE\Documents\GitHub\K_segment_driver\EWARM\K_segment_driver\List\K_segment_driver.map
#        --config
#        C:\Users\I_LOVE\Documents\GitHub\K_segment_driver\EWARM/stm32f030x8_flash.icf
#        --semihosting --entry __iar_program_start --vfe --text_out locale)
#
###############################################################################

*******************************************************************************
*** RUNTIME MODEL ATTRIBUTES
***

CppFlavor       = *
__SystemLibrary = DLib
__dlib_version  = 6


*******************************************************************************
*** HEAP SELECTION
***

The basic heap was selected because no calls to memory allocation
functions were found in the application outside of system library
functions, and there are calls to deallocation functions in the
application.


*******************************************************************************
*** PLACEMENT SUMMARY
***

"A0":  place at 0x800'0000 { ro section .intvec };
"P1":  place in [from 0x800'0000 to 0x800'ffff] { ro };
define block CSTACK with size = 1K, alignment = 8 { };
define block HEAP with size = 512, alignment = 8 { };
"P2":  place in [from 0x2000'0000 to 0x2000'1fff] {
          rw, block CSTACK, block HEAP };
initialize by copy { rw };

  Section            Kind         Address    Size  Object
  -------            ----         -------    ----  ------
"A0":                                        0xb4
  .intvec            ro code   0x800'0000    0xb4  startup_stm32f030x8.o [1]
                             - 0x800'00b4    0xb4

"P1":                                      0x12d0
  .text              ro code   0x800'00b4   0x53c  stm32f0xx_hal_rcc.o [1]
  .text              ro code   0x800'05f0     0xc  stm32f0xx_hal.o [1]
  .text              ro code   0x800'05fc    0x44  stm32f0xx_hal.o [1]
  .text              ro code   0x800'0640    0x36  I32DivMod.o [3]
  .text              ro code   0x800'0676     0x2  startup_stm32f030x8.o [1]
  .text              ro code   0x800'0678    0x8c  stm32f0xx_hal_cortex.o [1]
  .text              ro code   0x800'0704     0x2  IntDivZer.o [3]
  .text              ro code   0x800'0706     0x2  startup_stm32f030x8.o [1]
  .text              ro code   0x800'0708   0x284  main.o [1]
  .text              ro code   0x800'098c    0x20  stm32f0xx_hal.o [1]
  .text              ro code   0x800'09ac    0xb4  stm32f0xx_hal_i2c.o [1]
  .text              ro code   0x800'0a60    0x8c  stm32f0xx_hal_i2c_ex.o [1]
  .text              ro code   0x800'0aec    0x10  user_main.o [1]
  .text              ro code   0x800'0afc    0x10  ABImemset_small.o [3]
  .text              ro code   0x800'0b0c    0xfc  stm32f0xx_hal_rcc_ex.o [1]
  .text              ro code   0x800'0c08   0x198  stm32f0xx_hal_gpio.o [1]
  .text              ro code   0x800'0da0   0x110  stm32f0xx_hal_msp.o [1]
  .text              ro code   0x800'0eb0   0x204  support.o [1]
  .text              ro code   0x800'10b4   0x134  stm32f0xx_hal_dma.o [1]
  .text              ro code   0x800'11e8    0x3c  zero_init3.o [3]
  .text              ro code   0x800'1224    0x30  copy_init3.o [3]
  .text              ro code   0x800'1254    0x28  data_init.o [3]
  .iar.init_table    const     0x800'127c    0x24  - Linker created -
  .text              ro code   0x800'12a0    0x20  stm32f0xx_it.o [1]
  .text              ro code   0x800'12c0    0x10  stm32f0xx_hal.o [1]
  .text              ro code   0x800'12d0    0x1e  cmain.o [3]
  .text              ro code   0x800'12ee     0x4  low_level_init.o [2]
  .text              ro code   0x800'12f2     0x8  exit.o [2]
  .text              ro code   0x800'12fa     0x2  startup_stm32f030x8.o [1]
  .text              ro code   0x800'12fc     0xa  cexit.o [3]
  .text              ro code   0x800'1306     0x2  startup_stm32f030x8.o [1]
  .text              ro code   0x800'1308    0x14  exit.o [4]
  .text              ro code   0x800'131c    0x14  system_stm32f0xx.o [1]
  .text              ro code   0x800'1330    0x10  startup_stm32f030x8.o [1]
  Initializer bytes  const     0x800'1340    0x10  <for P2-1>
  .text              ro code   0x800'1350     0xc  cstartup_M.o [3]
  .text              ro code   0x800'135c     0x2  startup_stm32f030x8.o [1]
  .text              ro code   0x800'135e     0x2  startup_stm32f030x8.o [1]
  .text              ro code   0x800'1360     0x2  startup_stm32f030x8.o [1]
  .text              ro code   0x800'1362     0x2  startup_stm32f030x8.o [1]
  .text              ro code   0x800'1364     0x2  startup_stm32f030x8.o [1]
  .text              ro code   0x800'1366     0x2  startup_stm32f030x8.o [1]
  .text              ro code   0x800'1368     0x2  startup_stm32f030x8.o [1]
  .text              ro code   0x800'136a     0x2  startup_stm32f030x8.o [1]
  .text              ro code   0x800'136c     0x2  startup_stm32f030x8.o [1]
  .text              ro code   0x800'136e     0x2  startup_stm32f030x8.o [1]
  .text              ro code   0x800'1370     0x2  startup_stm32f030x8.o [1]
  .text              ro code   0x800'1372     0x2  startup_stm32f030x8.o [1]
  .text              ro code   0x800'1374     0x2  startup_stm32f030x8.o [1]
  .text              ro code   0x800'1376     0x2  startup_stm32f030x8.o [1]
  .text              ro code   0x800'1378     0x2  startup_stm32f030x8.o [1]
  .text              ro code   0x800'137a     0x2  startup_stm32f030x8.o [1]
  .text              ro code   0x800'137c     0x2  startup_stm32f030x8.o [1]
  .text              ro code   0x800'137e     0x2  startup_stm32f030x8.o [1]
  .text              ro code   0x800'1380     0x2  startup_stm32f030x8.o [1]
  .text              ro code   0x800'1382     0x2  startup_stm32f030x8.o [1]
  .rodata            const     0x800'1384     0x0  zero_init3.o [3]
  .rodata            const     0x800'1384     0x0  copy_init3.o [3]
                             - 0x800'1384  0x12d0

"P2", part 1 of 3:                           0x10
  P2-1                        0x2000'0000    0x10  <Init block>
    .data            inited   0x2000'0000     0xc  stm32f0xx_hal.o [1]
    .data            inited   0x2000'000c     0x4  system_stm32f0xx.o [1]
                            - 0x2000'0010    0x10

"P2", part 2 of 3:                          0x118
  .bss               zero     0x2000'0010    0xa8  main.o [1]
  .bss               zero     0x2000'00b8    0x44  main.o [1]
  .bss               zero     0x2000'00fc    0x2c  support.o [1]
                            - 0x2000'0128   0x118

"P2", part 3 of 3:                          0x400
  CSTACK                      0x2000'0128   0x400  <Block>
    CSTACK           uninit   0x2000'0128   0x400  <Block tail>
                            - 0x2000'0528   0x400

Unused ranges:

         From           To    Size
         ----           --    ----
   0x800'1384   0x800'ffff  0xec7c
  0x2000'0528  0x2000'1fff  0x1ad8


*******************************************************************************
*** INIT TABLE
***

          Address      Size
          -------      ----
Zero (__iar_zero_init3)
    1 destination range, total size 0x118:
          0x2000'0010  0x118

Copy (__iar_copy_init3)
    1 source range, total size 0x10:
           0x800'1340   0x10
    1 destination range, total size 0x10:
          0x2000'0000   0x10



*******************************************************************************
*** MODULE SUMMARY
***

    Module                  ro code  ro data  rw data
    ------                  -------  -------  -------
command line/config:
    -------------------------------------------------
    Total:

C:\Users\I_LOVE\Documents\GitHub\K_segment_driver\EWARM\K_segment_driver\Obj: [1]
    main.o                      644               236
    startup_stm32f030x8.o       244
    stm32f0xx_hal.o             128       12       12
    stm32f0xx_hal_cortex.o      140
    stm32f0xx_hal_dma.o         308
    stm32f0xx_hal_gpio.o        408
    stm32f0xx_hal_i2c.o         180
    stm32f0xx_hal_i2c_ex.o      140
    stm32f0xx_hal_msp.o         272
    stm32f0xx_hal_rcc.o       1 340
    stm32f0xx_hal_rcc_ex.o      252
    stm32f0xx_it.o               32
    support.o                   516                44
    system_stm32f0xx.o           20        4        4
    user_main.o                  16
    -------------------------------------------------
    Total:                    4 640       16      296

dl6M_tln.a: [2]
    exit.o                        8
    low_level_init.o              4
    -------------------------------------------------
    Total:                       12

rt6M_tl.a: [3]
    ABImemset_small.o            16
    I32DivMod.o                  54
    IntDivZer.o                   2
    cexit.o                      10
    cmain.o                      30
    copy_init3.o                 48
    cstartup_M.o                 12
    data_init.o                  40
    zero_init3.o                 60
    -------------------------------------------------
    Total:                      272

shb_l.a: [4]
    exit.o                       20
    -------------------------------------------------
    Total:                       20

    Linker created                        36    1 024
-----------------------------------------------------
    Grand Total:              4 944       52    1 320


*******************************************************************************
*** ENTRY LIST
***

Entry                       Address   Size  Type      Object
-----                       -------   ----  ----      ------
.iar.init_table$$Base    0x800'127c          --   Gb  - Linker created -
.iar.init_table$$Limit   0x800'12a0          --   Gb  - Linker created -
?main                    0x800'12d1         Code  Gb  cmain.o [3]
AHBPrescTable            0x800'1320   0x10  Data  Gb  system_stm32f0xx.o [1]
CSTACK$$Base            0x2000'0128          --   Gb  - Linker created -
CSTACK$$Limit           0x2000'0528          --   Gb  - Linker created -
DMA1_Channel2_3_IRQHandler
                         0x800'12b1    0xa  Code  Gb  stm32f0xx_it.o [1]
DMA_CalcBaseAndBitshift
                         0x800'11c5   0x1a  Code  Lc  stm32f0xx_hal_dma.o [1]
Error_Handler            0x800'0989    0x4  Code  Gb  main.o [1]
HAL_DMA_IRQHandler       0x800'1105   0xc0  Code  Gb  stm32f0xx_hal_dma.o [1]
HAL_DMA_Init             0x800'10b5   0x4c  Code  Gb  stm32f0xx_hal_dma.o [1]
HAL_GPIO_Init            0x800'0c09  0x174  Code  Gb  stm32f0xx_hal_gpio.o [1]
HAL_GPIO_WritePin        0x800'0d7d    0xc  Code  Gb  stm32f0xx_hal_gpio.o [1]
HAL_GetTick              0x800'05f1    0xc  Code  Wk  stm32f0xx_hal.o [1]
HAL_I2CEx_ConfigAnalogFilter
                         0x800'0a61   0x3a  Code  Gb  stm32f0xx_hal_i2c_ex.o [1]
HAL_I2CEx_ConfigDigitalFilter
                         0x800'0a9b   0x36  Code  Gb  stm32f0xx_hal_i2c_ex.o [1]
HAL_I2C_Init             0x800'09ad   0xa8  Code  Gb  stm32f0xx_hal_i2c.o [1]
HAL_I2C_MspInit          0x800'0dcb   0xc8  Code  Gb  stm32f0xx_hal_msp.o [1]
HAL_IncTick              0x800'12c1   0x10  Code  Wk  stm32f0xx_hal.o [1]
HAL_Init                 0x800'098d   0x1a  Code  Gb  stm32f0xx_hal.o [1]
HAL_InitTick             0x800'05fd   0x44  Code  Wk  stm32f0xx_hal.o [1]
HAL_MspInit              0x800'0da1   0x2a  Code  Gb  stm32f0xx_hal_msp.o [1]
HAL_NVIC_EnableIRQ       0x800'06bb   0x12  Code  Gb  stm32f0xx_hal_cortex.o [1]
HAL_NVIC_SetPriority     0x800'06b3    0x8  Code  Gb  stm32f0xx_hal_cortex.o [1]
HAL_RCCEx_PeriphCLKConfig
                         0x800'0b0d   0xe4  Code  Gb  stm32f0xx_hal_rcc_ex.o [1]
HAL_RCC_ClockConfig      0x800'0465   0xfc  Code  Gb  stm32f0xx_hal_rcc.o [1]
HAL_RCC_GetSysClockFreq
                         0x800'0561   0x3a  Code  Gb  stm32f0xx_hal_rcc.o [1]
HAL_RCC_GetSysClockFreq::aPLLMULFactorTable
                         0x800'05d0   0x10  Data  Lc  stm32f0xx_hal_rcc.o [1]
HAL_RCC_GetSysClockFreq::aPredivFactorTable
                         0x800'05e0   0x10  Data  Lc  stm32f0xx_hal_rcc.o [1]
HAL_RCC_OscConfig        0x800'00b5  0x3a2  Code  Gb  stm32f0xx_hal_rcc.o [1]
HAL_SYSTICK_Config       0x800'06cd   0x28  Code  Gb  stm32f0xx_hal_cortex.o [1]
HardFault_Handler        0x800'12a3    0x2  Code  Gb  stm32f0xx_it.o [1]
MX_GPIO_Init             0x800'0849  0x110  Code  Lc  main.o [1]
NMI_Handler              0x800'12a1    0x2  Code  Gb  stm32f0xx_it.o [1]
PendSV_Handler           0x800'12a7    0x2  Code  Gb  stm32f0xx_it.o [1]
Region$$Table$$Base      0x800'127c          --   Gb  - Linker created -
Region$$Table$$Limit     0x800'12a0          --   Gb  - Linker created -
SVC_Handler              0x800'12a5    0x2  Code  Gb  stm32f0xx_it.o [1]
SysTick_Handler          0x800'12a9    0x8  Code  Gb  stm32f0xx_it.o [1]
SystemClock_Config       0x800'07d3   0x76  Code  Gb  main.o [1]
SystemCoreClock         0x2000'000c    0x4  Data  Gb  system_stm32f0xx.o [1]
SystemInit               0x800'131d    0x2  Code  Gb  system_stm32f0xx.o [1]
__ICFEDIT_region_RAM_end__ {Abs}
                        0x2000'1fff         Data  Gb  <internal module>
__ICFEDIT_region_RAM_start__ {Abs}
                        0x2000'0000         Data  Gb  <internal module>
__NVIC_SetPriority       0x800'0679   0x3a  Code  Lc  stm32f0xx_hal_cortex.o [1]
__aeabi_idiv0            0x800'0705         Code  Gb  IntDivZer.o [3]
__cmain                  0x800'12d1         Code  Gb  cmain.o [3]
__exit                   0x800'1309   0x14  Code  Gb  exit.o [4]
__iar_copy_init3         0x800'1225   0x30  Code  Gb  copy_init3.o [3]
__iar_data_init3         0x800'1255   0x28  Code  Gb  data_init.o [3]
__iar_program_start      0x800'1351         Code  Gb  cstartup_M.o [3]
__iar_small_Memset4_word
                         0x800'0b01         Code  Gb  ABImemset_small.o [3]
__iar_small_Memset_word
                         0x800'0b01         Code  Gb  ABImemset_small.o [3]
__iar_small_memclr       0x800'0afd         Code  Gb  ABImemset_small.o [3]
__iar_small_memclr4      0x800'0afd         Code  Gb  ABImemset_small.o [3]
__iar_small_memclr8      0x800'0afd         Code  Gb  ABImemset_small.o [3]
__iar_small_memset       0x800'0b01         Code  Gb  ABImemset_small.o [3]
__iar_small_memset4      0x800'0b01         Code  Gb  ABImemset_small.o [3]
__iar_small_memset8      0x800'0b01         Code  Gb  ABImemset_small.o [3]
__iar_small_uidiv        0x800'0641         Code  Gb  I32DivMod.o [3]
__iar_small_uidivmod     0x800'0641         Code  Gb  I32DivMod.o [3]
__iar_zero_init3         0x800'11e9   0x3c  Code  Gb  zero_init3.o [3]
__low_level_init         0x800'12ef    0x4  Code  Gb  low_level_init.o [2]
__vector_table           0x800'0000         Data  Gb  startup_stm32f030x8.o [1]
_call_main               0x800'12dd         Code  Gb  cmain.o [3]
_exit                    0x800'12fd         Code  Gb  cexit.o [3]
_main                    0x800'12eb         Code  Gb  cmain.o [3]
exit                     0x800'12f3    0x8  Code  Gb  exit.o [2]
hdma_i2c1_rx            0x2000'00b8   0x44  Data  Gb  main.o [1]
hi2c1                   0x2000'0010   0x54  Data  Gb  main.o [1]
hi2c2                   0x2000'0064   0x54  Data  Gb  main.o [1]
initTask                 0x800'0aed    0x8  Code  Gb  user_main.o [1]
main                     0x800'0709   0xca  Code  Gb  main.o [1]
mainTask                 0x800'0af5    0x8  Code  Gb  user_main.o [1]
sHandLED                0x2000'00fc   0x2c  Data  Lc  support.o [1]
showLED                  0x800'0eb1  0x1ee  Code  Gb  support.o [1]
uwTick                  0x2000'0004    0x4  Data  Gb  stm32f0xx_hal.o [1]
uwTickFreq              0x2000'0000    0x1  Data  Gb  stm32f0xx_hal.o [1]
uwTickPrio              0x2000'0008    0x4  Data  Gb  stm32f0xx_hal.o [1]


[1] = C:\Users\I_LOVE\Documents\GitHub\K_segment_driver\EWARM\K_segment_driver\Obj
[2] = dl6M_tln.a
[3] = rt6M_tl.a
[4] = shb_l.a

  4 944 bytes of readonly  code memory
     52 bytes of readonly  data memory
  1 320 bytes of readwrite data memory

Errors: none
Warnings: none
