###############################################################################
#
# IAR ELF Linker V9.32.2.340/W64 for ARM                  04/Nov/2023  23:08:06
# Copyright 2007-2023 IAR Systems AB.
#
#    Output file  =
#        C:\Users\cube_\OneDrive\Github\K_segment_driver\STM32G031J6M6\EWARM\STM32G031J6M6\Exe\STM32G031J6M6.out
#    Map file     =
#        C:\Users\cube_\OneDrive\Github\K_segment_driver\STM32G031J6M6\EWARM\STM32G031J6M6\List\STM32G031J6M6.map
#    Command line =
#        -f
#        C:\Users\cube_\OneDrive\Github\K_segment_driver\STM32G031J6M6\EWARM\STM32G031J6M6\Exe\STM32G031J6M6.out.rsp
#        (C:\Users\cube_\OneDrive\Github\K_segment_driver\STM32G031J6M6\EWARM\STM32G031J6M6\Obj\Application\User\Core\app_freertos.o
#        C:\Users\cube_\OneDrive\Github\K_segment_driver\STM32G031J6M6\EWARM\STM32G031J6M6\Obj\Middlewares\FreeRTOS\cmsis_os2.o
#        C:\Users\cube_\OneDrive\Github\K_segment_driver\STM32G031J6M6\EWARM\STM32G031J6M6\Obj\Middlewares\FreeRTOS\croutine.o
#        C:\Users\cube_\OneDrive\Github\K_segment_driver\STM32G031J6M6\EWARM\STM32G031J6M6\Obj\Middlewares\FreeRTOS\event_groups.o
#        C:\Users\cube_\OneDrive\Github\K_segment_driver\STM32G031J6M6\EWARM\STM32G031J6M6\Obj\Middlewares\FreeRTOS\heap_4.o
#        C:\Users\cube_\OneDrive\Github\K_segment_driver\STM32G031J6M6\EWARM\STM32G031J6M6\Obj\Middlewares\FreeRTOS\list.o
#        C:\Users\cube_\OneDrive\Github\K_segment_driver\STM32G031J6M6\EWARM\STM32G031J6M6\Obj\Application\User\Core\main.o
#        C:\Users\cube_\OneDrive\Github\K_segment_driver\STM32G031J6M6\EWARM\STM32G031J6M6\Obj\Middlewares\FreeRTOS\port.o
#        C:\Users\cube_\OneDrive\Github\K_segment_driver\STM32G031J6M6\EWARM\STM32G031J6M6\Obj\Middlewares\FreeRTOS\portasm.o
#        C:\Users\cube_\OneDrive\Github\K_segment_driver\STM32G031J6M6\EWARM\STM32G031J6M6\Obj\Middlewares\FreeRTOS\queue.o
#        C:\Users\cube_\OneDrive\Github\K_segment_driver\STM32G031J6M6\EWARM\STM32G031J6M6\Obj\Application\User\Main\Src\SPI.o
#        C:\Users\cube_\OneDrive\Github\K_segment_driver\STM32G031J6M6\EWARM\STM32G031J6M6\Obj\Application\EWARM\startup_stm32g031xx.o
#        C:\Users\cube_\OneDrive\Github\K_segment_driver\STM32G031J6M6\EWARM\STM32G031J6M6\Obj\Drivers\STM32G0xx_HAL_Driver\stm32g0xx_hal.o
#        C:\Users\cube_\OneDrive\Github\K_segment_driver\STM32G031J6M6\EWARM\STM32G031J6M6\Obj\Drivers\STM32G0xx_HAL_Driver\stm32g0xx_hal_cortex.o
#        C:\Users\cube_\OneDrive\Github\K_segment_driver\STM32G031J6M6\EWARM\STM32G031J6M6\Obj\Drivers\STM32G0xx_HAL_Driver\stm32g0xx_hal_dma.o
#        C:\Users\cube_\OneDrive\Github\K_segment_driver\STM32G031J6M6\EWARM\STM32G031J6M6\Obj\Drivers\STM32G0xx_HAL_Driver\stm32g0xx_hal_dma_ex.o
#        C:\Users\cube_\OneDrive\Github\K_segment_driver\STM32G031J6M6\EWARM\STM32G031J6M6\Obj\Drivers\STM32G0xx_HAL_Driver\stm32g0xx_hal_exti.o
#        C:\Users\cube_\OneDrive\Github\K_segment_driver\STM32G031J6M6\EWARM\STM32G031J6M6\Obj\Drivers\STM32G0xx_HAL_Driver\stm32g0xx_hal_flash.o
#        C:\Users\cube_\OneDrive\Github\K_segment_driver\STM32G031J6M6\EWARM\STM32G031J6M6\Obj\Drivers\STM32G0xx_HAL_Driver\stm32g0xx_hal_flash_ex.o
#        C:\Users\cube_\OneDrive\Github\K_segment_driver\STM32G031J6M6\EWARM\STM32G031J6M6\Obj\Drivers\STM32G0xx_HAL_Driver\stm32g0xx_hal_gpio.o
#        C:\Users\cube_\OneDrive\Github\K_segment_driver\STM32G031J6M6\EWARM\STM32G031J6M6\Obj\Application\User\Core\stm32g0xx_hal_msp.o
#        C:\Users\cube_\OneDrive\Github\K_segment_driver\STM32G031J6M6\EWARM\STM32G031J6M6\Obj\Drivers\STM32G0xx_HAL_Driver\stm32g0xx_hal_pwr.o
#        C:\Users\cube_\OneDrive\Github\K_segment_driver\STM32G031J6M6\EWARM\STM32G031J6M6\Obj\Drivers\STM32G0xx_HAL_Driver\stm32g0xx_hal_pwr_ex.o
#        C:\Users\cube_\OneDrive\Github\K_segment_driver\STM32G031J6M6\EWARM\STM32G031J6M6\Obj\Drivers\STM32G0xx_HAL_Driver\stm32g0xx_hal_rcc.o
#        C:\Users\cube_\OneDrive\Github\K_segment_driver\STM32G031J6M6\EWARM\STM32G031J6M6\Obj\Drivers\STM32G0xx_HAL_Driver\stm32g0xx_hal_rcc_ex.o
#        C:\Users\cube_\OneDrive\Github\K_segment_driver\STM32G031J6M6\EWARM\STM32G031J6M6\Obj\Drivers\STM32G0xx_HAL_Driver\stm32g0xx_hal_spi.o
#        C:\Users\cube_\OneDrive\Github\K_segment_driver\STM32G031J6M6\EWARM\STM32G031J6M6\Obj\Drivers\STM32G0xx_HAL_Driver\stm32g0xx_hal_spi_ex.o
#        C:\Users\cube_\OneDrive\Github\K_segment_driver\STM32G031J6M6\EWARM\STM32G031J6M6\Obj\Drivers\STM32G0xx_HAL_Driver\stm32g0xx_hal_tim.o
#        C:\Users\cube_\OneDrive\Github\K_segment_driver\STM32G031J6M6\EWARM\STM32G031J6M6\Obj\Drivers\STM32G0xx_HAL_Driver\stm32g0xx_hal_tim_ex.o
#        C:\Users\cube_\OneDrive\Github\K_segment_driver\STM32G031J6M6\EWARM\STM32G031J6M6\Obj\Application\User\Core\stm32g0xx_it.o
#        C:\Users\cube_\OneDrive\Github\K_segment_driver\STM32G031J6M6\EWARM\STM32G031J6M6\Obj\Drivers\STM32G0xx_HAL_Driver\stm32g0xx_ll_dma.o
#        C:\Users\cube_\OneDrive\Github\K_segment_driver\STM32G031J6M6\EWARM\STM32G031J6M6\Obj\Drivers\STM32G0xx_HAL_Driver\stm32g0xx_ll_rcc.o
#        C:\Users\cube_\OneDrive\Github\K_segment_driver\STM32G031J6M6\EWARM\STM32G031J6M6\Obj\Middlewares\FreeRTOS\stream_buffer.o
#        C:\Users\cube_\OneDrive\Github\K_segment_driver\STM32G031J6M6\EWARM\STM32G031J6M6\Obj\Drivers\CMSIS\system_stm32g0xx.o
#        C:\Users\cube_\OneDrive\Github\K_segment_driver\STM32G031J6M6\EWARM\STM32G031J6M6\Obj\Middlewares\FreeRTOS\tasks.o
#        C:\Users\cube_\OneDrive\Github\K_segment_driver\STM32G031J6M6\EWARM\STM32G031J6M6\Obj\Middlewares\FreeRTOS\timers.o
#        C:\Users\cube_\OneDrive\Github\K_segment_driver\STM32G031J6M6\EWARM\STM32G031J6M6\Obj\Application\User\Main\Src\user_main.o
#        --no_out_extension -o
#        C:\Users\cube_\OneDrive\Github\K_segment_driver\STM32G031J6M6\EWARM\STM32G031J6M6\Exe\STM32G031J6M6.out
#        --redirect _Printf=_PrintfFullNoMb --redirect _Scanf=_ScanfFullNoMb
#        --map
#        C:\Users\cube_\OneDrive\Github\K_segment_driver\STM32G031J6M6\EWARM\STM32G031J6M6\List\STM32G031J6M6.map
#        --config
#        C:\Users\cube_\OneDrive\Github\K_segment_driver\STM32G031J6M6\EWARM/stm32g031xx_flash.icf
#        --semihosting --entry __iar_program_start --vfe --text_out locale
#        --cpu=Cortex-M0+ --fpu=None)
#
###############################################################################

*******************************************************************************
*** RUNTIME MODEL ATTRIBUTES
***

CppFlavor       = *
__CPP_Runtime   = 1
__SystemLibrary = DLib
__dlib_version  = 6


*******************************************************************************
*** HEAP SELECTION
***

The basic heap was selected because some modules are built with
size limitations (and not runtime checking), and --advanced_heap
was not specified.


*******************************************************************************
*** PLACEMENT SUMMARY
***

"A0":  place at address 0x800'0000 { ro section .intvec };
"P1":  place in [from 0x800'0000 to 0x800'ffff] { ro };
define block CSTACK with size = 1K, alignment = 8 { };
define block HEAP with size = 512, alignment = 8 { };
"P2":  place in [from 0x2000'0000 to 0x2000'1fff] {
          rw, block CSTACK, block HEAP };
initialize by copy { rw };

  Section            Kind         Address    Size  Object
  -------            ----         -------    ----  ------
"A0":                                        0xc0
  .intvec            ro code   0x800'0000    0xc0  startup_stm32g031xx.o [1]
                             - 0x800'00c0    0xc0

"P1":                                      0x2f46
  .text              ro code   0x800'00c0   0x734  tasks.o [6]
  .text              ro code   0x800'07f4   0x1b8  heap_4.o [6]
  .text              ro code   0x800'09ac    0x5a  ABImemset.o [8]
  .text              ro code   0x800'0a06    0x98  list.o [6]
  .text              ro code   0x800'0a9e     0x2  startup_stm32g031xx.o [1]
  .text              ro code   0x800'0aa0    0xf4  port.o [6]
  .text              ro code   0x800'0b94    0x14  cmsis_os2.o [6]
  .text              ro code   0x800'0ba8   0x39c  timers.o [6]
  CODE               ro code   0x800'0f44    0x7c  portasm.o [6]
  .text              ro code   0x800'0fc0    0xae  I32DivModFast.o [8]
  .text              ro code   0x800'106e     0x2  startup_stm32g031xx.o [1]
  .text              ro code   0x800'1070    0x18  cmsis_os2.o [6]
  .text              ro code   0x800'1088   0x5b2  queue.o [6]
  .text              ro code   0x800'163a     0x2  startup_stm32g031xx.o [1]
  .text              ro code   0x800'163c     0x2  IntDivZer.o [8]
  .text              ro code   0x800'163e     0x2  startup_stm32g031xx.o [1]
  .text              ro code   0x800'1640    0x4e  ABImemcpy.o [8]
  .text              ro code   0x800'168e     0x2  startup_stm32g031xx.o [1]
  .text              ro code   0x800'1690   0x618  stm32g0xx_hal_rcc.o [5]
  .text              ro code   0x800'1ca8    0x54  stm32g0xx_hal.o [5]
  .text              ro code   0x800'1cfc     0xc  stm32g0xx_hal.o [5]
  .text              ro code   0x800'1d08    0xac  stm32g0xx_hal_cortex.o [5]
  .text              ro code   0x800'1db4   0x4f8  stm32g0xx_hal_tim.o [5]
  .text              ro code   0x800'22ac   0x148  stm32g0xx_hal_msp.o [2]
  .text              ro code   0x800'23f4     0x2  stm32g0xx_hal_tim.o [5]
  .text              ro code   0x800'23f6    0x14  memset.o [8]
  .text              ro code   0x800'240a     0x2  startup_stm32g031xx.o [1]
  .text              ro code   0x800'240c   0x1a8  stm32g0xx_hal_gpio.o [5]
  .text              ro code   0x800'25b4   0x1e4  stm32g0xx_hal_dma.o [5]
  .text              ro code   0x800'2798   0x22c  main.o [2]
  .text              ro code   0x800'29c4    0x28  stm32g0xx_hal.o [5]
  .text              ro code   0x800'29ec   0x194  cmsis_os2.o [6]
  .text              ro code   0x800'2b80    0x4c  stm32g0xx_hal_pwr_ex.o [5]
  .text              ro code   0x800'2bcc   0x114  stm32g0xx_hal_spi.o [5]
  .text              ro code   0x800'2ce0    0xcc  stm32g0xx_hal_tim_ex.o [5]
  .text              ro code   0x800'2dac     0xc  user_main.o [3]
  .text              ro code   0x800'2db8     0xc  SPI.o [3]
  .rodata            const     0x800'2dc4    0x48  main.o [2]
  .rodata            const     0x800'2e0c    0x40  system_stm32g0xx.o [4]
  .text              ro code   0x800'2e4c    0x3c  zero_init3.o [8]
  .text              ro code   0x800'2e88    0x30  copy_init3.o [8]
  .text              ro code   0x800'2eb8    0x28  stm32g0xx_it.o [2]
  .text              ro code   0x800'2ee0    0x10  stm32g0xx_hal.o [5]
  .text              ro code   0x800'2ef0    0x28  data_init.o [8]
  .iar.init_table    const     0x800'2f18    0x24  - Linker created -
  .text              ro code   0x800'2f3c    0x1e  cmain.o [8]
  .text              ro code   0x800'2f5a     0x4  low_level_init.o [7]
  .text              ro code   0x800'2f5e     0x8  exit.o [7]
  .text              ro code   0x800'2f66     0x2  startup_stm32g031xx.o [1]
  .text              ro code   0x800'2f68     0xa  cexit.o [8]
  .text              ro code   0x800'2f72     0x2  startup_stm32g031xx.o [1]
  .text              ro code   0x800'2f74    0x14  exit.o [9]
  .text              ro code   0x800'2f88    0x1c  cstartup_M.o [8]
  Initializer bytes  const     0x800'2fa4    0x14  <for P2-1>
  .text              ro code   0x800'2fb8    0x10  startup_stm32g031xx.o [1]
  .rodata            const     0x800'2fc8     0xc  main.o [2]
  .rodata            const     0x800'2fd4     0x8  main.o [2]
  .text              ro code   0x800'2fdc     0x2  startup_stm32g031xx.o [1]
  .text              ro code   0x800'2fde     0x2  startup_stm32g031xx.o [1]
  .text              ro code   0x800'2fe0     0x2  startup_stm32g031xx.o [1]
  .text              ro code   0x800'2fe2     0x2  startup_stm32g031xx.o [1]
  .text              ro code   0x800'2fe4     0x2  startup_stm32g031xx.o [1]
  .text              ro code   0x800'2fe6     0x2  startup_stm32g031xx.o [1]
  .text              ro code   0x800'2fe8     0x2  startup_stm32g031xx.o [1]
  .text              ro code   0x800'2fea     0x2  startup_stm32g031xx.o [1]
  .text              ro code   0x800'2fec     0x2  startup_stm32g031xx.o [1]
  .text              ro code   0x800'2fee     0x2  startup_stm32g031xx.o [1]
  .text              ro code   0x800'2ff0     0x2  startup_stm32g031xx.o [1]
  .text              ro code   0x800'2ff2     0x2  startup_stm32g031xx.o [1]
  .text              ro code   0x800'2ff4     0x2  startup_stm32g031xx.o [1]
  .text              ro code   0x800'2ff6     0x2  startup_stm32g031xx.o [1]
  .text              ro code   0x800'2ff8     0x2  startup_stm32g031xx.o [1]
  .text              ro code   0x800'2ffa     0x2  startup_stm32g031xx.o [1]
  .text              ro code   0x800'2ffc     0x2  startup_stm32g031xx.o [1]
  .text              ro code   0x800'2ffe     0x2  startup_stm32g031xx.o [1]
  .text              ro code   0x800'3000     0x2  startup_stm32g031xx.o [1]
  .text              ro code   0x800'3004     0x2  system_stm32g0xx.o [4]
  .rodata            const     0x800'3006     0x0  zero_init3.o [8]
  .rodata            const     0x800'3006     0x0  copy_init3.o [8]
                             - 0x800'3006  0x2f46

"P2", part 1 of 3:                           0x14
  P2-1                        0x2000'0000    0x14  <Init block>
    .data            inited   0x2000'0000     0x4  port.o [6]
    .data            inited   0x2000'0004     0xc  stm32g0xx_hal.o [5]
    .data            inited   0x2000'0010     0x4  system_stm32g0xx.o [4]
                            - 0x2000'0014    0x14

"P2", part 2 of 3:                         0x1a68
  .bss               zero     0x2000'0014   0xc20  heap_4.o [6]
  .bss               zero     0x2000'0c34   0x460  tasks.o [6]
  .bss               zero     0x2000'1094   0x45c  cmsis_os2.o [6]
  .bss               zero     0x2000'14f0   0x25c  cmsis_os2.o [6]
  .bss               zero     0x2000'174c   0x128  timers.o [6]
  .bss               zero     0x2000'1874    0xa0  tasks.o [6]
  .bss               zero     0x2000'1914    0x64  main.o [2]
  .bss               zero     0x2000'1978    0x5c  main.o [2]
  .bss               zero     0x2000'19d4    0x4c  main.o [2]
  .bss               zero     0x2000'1a20    0x40  queue.o [6]
  .bss               zero     0x2000'1a60     0xc  SPI.o [3]
  .bss               zero     0x2000'1a6c     0x8  main.o [2]
  .bss               zero     0x2000'1a74     0x4  cmsis_os2.o [6]
  .bss               zero     0x2000'1a78     0x4  timers.o [6]
                            - 0x2000'1a7c  0x1a68

"P2", part 3 of 3:                          0x400
  CSTACK                      0x2000'1a80   0x400  <Block>
    CSTACK           uninit   0x2000'1a80   0x400  <Block tail>
                            - 0x2000'1e80   0x400

Unused ranges:

         From           To    Size
         ----           --    ----
   0x800'3006   0x800'ffff  0xcffa
  0x2000'1a7c  0x2000'1a7f     0x4
  0x2000'1e80  0x2000'1fff   0x180


*******************************************************************************
*** INIT TABLE
***

          Address      Size
          -------      ----
Zero (__iar_zero_init3)
    1 destination range, total size 0x1a68:
          0x2000'0014  0x1a68

Copy (__iar_copy_init3)
    1 source range, total size 0x14:
           0x800'2fa4    0x14
    1 destination range, total size 0x14:
          0x2000'0000    0x14



*******************************************************************************
*** MODULE SUMMARY
***

    Module                  ro code  ro data  rw data
    ------                  -------  -------  -------
command line/config:
    -------------------------------------------------
    Total:

C:\Users\cube_\OneDrive\Github\K_segment_driver\STM32G031J6M6\EWARM\STM32G031J6M6\Obj\Application\EWARM: [1]
    startup_stm32g031xx.o       262
    -------------------------------------------------
    Total:                      262

C:\Users\cube_\OneDrive\Github\K_segment_driver\STM32G031J6M6\EWARM\STM32G031J6M6\Obj\Application\User\Core: [2]
    main.o                      556       92      276
    stm32g0xx_hal_msp.o         328
    stm32g0xx_it.o               40
    -------------------------------------------------
    Total:                      924       92      276

C:\Users\cube_\OneDrive\Github\K_segment_driver\STM32G031J6M6\EWARM\STM32G031J6M6\Obj\Application\User\Main\Src: [3]
    SPI.o                        12                12
    user_main.o                  12
    -------------------------------------------------
    Total:                       24                12

C:\Users\cube_\OneDrive\Github\K_segment_driver\STM32G031J6M6\EWARM\STM32G031J6M6\Obj\Drivers\CMSIS: [4]
    system_stm32g0xx.o            2       68        4
    -------------------------------------------------
    Total:                        2       68        4

C:\Users\cube_\OneDrive\Github\K_segment_driver\STM32G031J6M6\EWARM\STM32G031J6M6\Obj\Drivers\STM32G0xx_HAL_Driver: [5]
    stm32g0xx_hal.o             152       12       12
    stm32g0xx_hal_cortex.o      172
    stm32g0xx_hal_dma.o         484
    stm32g0xx_hal_gpio.o        424
    stm32g0xx_hal_pwr_ex.o       76
    stm32g0xx_hal_rcc.o       1'560
    stm32g0xx_hal_spi.o         276
    stm32g0xx_hal_tim.o       1'274
    stm32g0xx_hal_tim_ex.o      204
    -------------------------------------------------
    Total:                    4'622       12       12

C:\Users\cube_\OneDrive\Github\K_segment_driver\STM32G031J6M6\EWARM\STM32G031J6M6\Obj\Middlewares\FreeRTOS: [6]
    cmsis_os2.o                 448             1'724
    heap_4.o                    440             3'104
    list.o                      152
    port.o                      244        4        4
    portasm.o                   124
    queue.o                   1'458                64
    tasks.o                   1'844             1'280
    timers.o                    924               300
    -------------------------------------------------
    Total:                    5'634        4    6'476

dl6M_tlf.a: [7]
    exit.o                        8
    low_level_init.o              4
    -------------------------------------------------
    Total:                       12

rt6M_tl.a: [8]
    ABImemcpy.o                  78
    ABImemset.o                  90
    I32DivModFast.o             174
    IntDivZer.o                   2
    cexit.o                      10
    cmain.o                      30
    copy_init3.o                 48
    cstartup_M.o                 28
    data_init.o                  40
    memset.o                     20
    zero_init3.o                 60
    -------------------------------------------------
    Total:                      580

shb_l.a: [9]
    exit.o                       20
    -------------------------------------------------
    Total:                       20

    Gaps                          2
    Linker created                        36    1'024
-----------------------------------------------------
    Grand Total:             12'082      212    7'804


*******************************************************************************
*** ENTRY LIST
***

Entry                       Address   Size  Type      Object
-----                       -------   ----  ----      ------
.iar.init_table$$Base    0x800'2f18          --   Gb  - Linker created -
.iar.init_table$$Limit   0x800'2f3c          --   Gb  - Linker created -
?main                    0x800'2f3d         Code  Gb  cmain.o [8]
ADC1_IRQHandler          0x800'2fe1         Code  Wk  startup_stm32g031xx.o [1]
AHBPrescTable            0x800'2e0c   0x40  Data  Gb  system_stm32g0xx.o [4]
CSTACK$$Base            0x2000'1a80          --   Gb  - Linker created -
CSTACK$$Limit           0x2000'1e80          --   Gb  - Linker created -
DMA1_Ch4_5_DMAMUX1_OVR_IRQHandler
                         0x800'2fdf         Code  Wk  startup_stm32g031xx.o [1]
DMA1_Channel1_IRQHandler
                         0x800'2ed1    0xa  Code  Gb  stm32g0xx_it.o [2]
DMA1_Channel2_3_IRQHandler
                         0x800'2fdd         Code  Wk  startup_stm32g031xx.o [1]
DMA_CalcDMAMUXChannelBaseAndMask
                         0x800'2739   0x2a  Code  Lc  stm32g0xx_hal_dma.o [5]
DMA_CalcDMAMUXRequestGenBaseAndMask
                         0x800'2763   0x20  Code  Lc  stm32g0xx_hal_dma.o [5]
EXTI0_1_IRQHandler       0x800'240b         Code  Wk  startup_stm32g031xx.o [1]
EXTI2_3_IRQHandler       0x800'2f67         Code  Wk  startup_stm32g031xx.o [1]
EXTI4_15_IRQHandler      0x800'2f73         Code  Wk  startup_stm32g031xx.o [1]
Error_Handler            0x800'29c1    0x4  Code  Gb  main.o [2]
FLASH_IRQHandler         0x800'163f         Code  Wk  startup_stm32g031xx.o [1]
HAL_DMA_IRQHandler       0x800'2661   0xd8  Code  Gb  stm32g0xx_hal_dma.o [5]
HAL_DMA_Init             0x800'25b5   0xa2  Code  Gb  stm32g0xx_hal_dma.o [5]
HAL_GPIO_Init            0x800'240d  0x194  Code  Gb  stm32g0xx_hal_gpio.o [5]
HAL_GetTick              0x800'1cfd    0xc  Code  Wk  stm32g0xx_hal.o [5]
HAL_IncTick              0x800'2ee1   0x10  Code  Wk  stm32g0xx_hal.o [5]
HAL_Init                 0x800'29c5   0x24  Code  Gb  stm32g0xx_hal.o [5]
HAL_InitTick             0x800'1ca9   0x54  Code  Wk  stm32g0xx_hal.o [5]
HAL_MspInit              0x800'22ad   0x34  Code  Gb  stm32g0xx_hal_msp.o [2]
HAL_NVIC_EnableIRQ       0x800'1d95    0x8  Code  Gb  stm32g0xx_hal_cortex.o [5]
HAL_NVIC_SetPriority     0x800'1d8d    0x8  Code  Gb  stm32g0xx_hal_cortex.o [5]
HAL_PWREx_ControlVoltageScaling
                         0x800'2b81   0x3c  Code  Gb  stm32g0xx_hal_pwr_ex.o [5]
HAL_RCC_ClockConfig      0x800'1a8d  0x14e  Code  Gb  stm32g0xx_hal_rcc.o [5]
HAL_RCC_GetSysClockFreq
                         0x800'1bed   0x94  Code  Gb  stm32g0xx_hal_rcc.o [5]
HAL_RCC_OscConfig        0x800'1691  0x3ea  Code  Gb  stm32g0xx_hal_rcc.o [5]
HAL_SPI_Init             0x800'2bcd  0x10e  Code  Gb  stm32g0xx_hal_spi.o [5]
HAL_SPI_MspInit          0x800'22e1   0x58  Code  Gb  stm32g0xx_hal_msp.o [2]
HAL_SYSTICK_Config       0x800'1d9d    0x8  Code  Gb  stm32g0xx_hal_cortex.o [5]
HAL_TIMEx_ConfigBreakDeadTime
                         0x800'2ce1   0x98  Code  Gb  stm32g0xx_hal_tim_ex.o [5]
HAL_TIM_Base_Init        0x800'1db5   0x62  Code  Gb  stm32g0xx_hal_tim.o [5]
HAL_TIM_Base_MspInit     0x800'2339   0x54  Code  Gb  stm32g0xx_hal_msp.o [2]
HAL_TIM_MspPostInit      0x800'238d   0x42  Code  Gb  stm32g0xx_hal_msp.o [2]
HAL_TIM_PWM_ConfigChannel
                         0x800'1e79  0x130  Code  Gb  stm32g0xx_hal_tim.o [5]
HAL_TIM_PWM_Init         0x800'1e17   0x62  Code  Gb  stm32g0xx_hal_tim.o [5]
HAL_TIM_PWM_MspInit      0x800'23f5    0x2  Code  Wk  stm32g0xx_hal_tim.o [5]
HardFault_Handler        0x800'2ebb    0x2  Code  Gb  stm32g0xx_it.o [2]
I2C1_IRQHandler          0x800'2ff5         Code  Wk  startup_stm32g031xx.o [1]
I2C2_IRQHandler          0x800'2ff7         Code  Wk  startup_stm32g031xx.o [1]
KernelState             0x2000'1a74    0x4  Data  Lc  cmsis_os2.o [6]
LPTIM1_IRQHandler        0x800'2feb         Code  Wk  startup_stm32g031xx.o [1]
LPTIM2_IRQHandler        0x800'2fed         Code  Wk  startup_stm32g031xx.o [1]
LPUART1_IRQHandler       0x800'3001         Code  Wk  startup_stm32g031xx.o [1]
MX_DMA_Init              0x800'2921   0x26  Code  Lc  main.o [2]
MX_GPIO_Init             0x800'2947   0x28  Code  Lc  main.o [2]
MX_SPI1_Init             0x800'284d   0x3a  Code  Lc  main.o [2]
MX_TIM16_Init            0x800'2887   0x9a  Code  Lc  main.o [2]
NMI_Handler              0x800'2eb9    0x2  Code  Gb  stm32g0xx_it.o [2]
PVD_IRQHandler           0x800'106f         Code  Wk  startup_stm32g031xx.o [1]
PendSV_Handler           0x800'0f4b         Code  Gb  portasm.o [6]
RCC_IRQHandler           0x800'168f         Code  Wk  startup_stm32g031xx.o [1]
RTC_TAMP_IRQHandler      0x800'163b         Code  Wk  startup_stm32g031xx.o [1]
Region$$Table$$Base      0x800'2f18          --   Gb  - Linker created -
Region$$Table$$Limit     0x800'2f3c          --   Gb  - Linker created -
Reset_Handler            0x800'2fb9         Code  Wk  startup_stm32g031xx.o [1]
SPI1_IRQHandler          0x800'2ff9         Code  Wk  startup_stm32g031xx.o [1]
SPI2_IRQHandler          0x800'2ffb         Code  Wk  startup_stm32g031xx.o [1]
SVC_Handler              0x800'0f89         Code  Gb  portasm.o [6]
SVC_Setup                0x800'2a31    0xe  Code  Lc  cmsis_os2.o [6]
SysTick_Config           0x800'1d5f   0x2e  Code  Lc  stm32g0xx_hal_cortex.o [5]
SysTick_Handler          0x800'2ebd   0x14  Code  Gb  stm32g0xx_it.o [2]
SystemClock_Config       0x800'27db   0x72  Code  Gb  main.o [2]
SystemCoreClock         0x2000'0010    0x4  Data  Gb  system_stm32g0xx.o [4]
SystemInit               0x800'3005    0x2  Code  Gb  system_stm32g0xx.o [4]
TIM14_IRQHandler         0x800'2fef         Code  Wk  startup_stm32g031xx.o [1]
TIM16_IRQHandler         0x800'2ff1         Code  Wk  startup_stm32g031xx.o [1]
TIM17_IRQHandler         0x800'2ff3         Code  Wk  startup_stm32g031xx.o [1]
TIM1_BRK_UP_TRG_COM_IRQHandler
                         0x800'2fe3         Code  Wk  startup_stm32g031xx.o [1]
TIM1_CC_IRQHandler       0x800'2fe5         Code  Wk  startup_stm32g031xx.o [1]
TIM2_IRQHandler          0x800'2fe7         Code  Wk  startup_stm32g031xx.o [1]
TIM3_IRQHandler          0x800'2fe9         Code  Wk  startup_stm32g031xx.o [1]
TIM_Base_SetConfig       0x800'1fad   0x7c  Code  Gb  stm32g0xx_hal_tim.o [5]
TIM_OC1_SetConfig        0x800'2029   0x6a  Code  Lc  stm32g0xx_hal_tim.o [5]
TIM_OC2_SetConfig        0x800'2093   0x66  Code  Gb  stm32g0xx_hal_tim.o [5]
TIM_OC3_SetConfig        0x800'20f9   0x62  Code  Lc  stm32g0xx_hal_tim.o [5]
TIM_OC4_SetConfig        0x800'215b   0x4e  Code  Lc  stm32g0xx_hal_tim.o [5]
TIM_OC5_SetConfig        0x800'21b1   0x4a  Code  Lc  stm32g0xx_hal_tim.o [5]
TIM_OC6_SetConfig        0x800'220d   0x4e  Code  Lc  stm32g0xx_hal_tim.o [5]
USART1_IRQHandler        0x800'2ffd         Code  Wk  startup_stm32g031xx.o [1]
USART2_IRQHandler        0x800'2fff         Code  Wk  startup_stm32g031xx.o [1]
WWDG_IRQHandler          0x800'0a9f         Code  Wk  startup_stm32g031xx.o [1]
__ICFEDIT_region_RAM_end__ {Abs}
                        0x2000'1fff         Data  Gb  <internal module>
__ICFEDIT_region_RAM_start__ {Abs}
                        0x2000'0000         Data  Gb  <internal module>
__NVIC_EnableIRQ         0x800'1d09   0x12  Code  Lc  stm32g0xx_hal_cortex.o [5]
__NVIC_SetPriority       0x800'29ed   0x44  Code  Lc  cmsis_os2.o [6]
__NVIC_SetPriority       0x800'1d1b   0x44  Code  Lc  stm32g0xx_hal_cortex.o [5]
__aeabi_idiv0            0x800'163d         Code  Gb  IntDivZer.o [8]
__aeabi_memcpy           0x800'1675         Code  Gb  ABImemcpy.o [8]
__aeabi_memcpy4          0x800'1641         Code  Gb  ABImemcpy.o [8]
__aeabi_memcpy8          0x800'1641         Code  Gb  ABImemcpy.o [8]
__aeabi_memset           0x800'09ad         Code  Gb  ABImemset.o [8]
__aeabi_memset4          0x800'09cd         Code  Gb  ABImemset.o [8]
__aeabi_memset8          0x800'09cd         Code  Gb  ABImemset.o [8]
__aeabi_uidiv            0x800'0fc1         Code  Gb  I32DivModFast.o [8]
__aeabi_uidivmod         0x800'0fc1         Code  Gb  I32DivModFast.o [8]
__cmain                  0x800'2f3d         Code  Gb  cmain.o [8]
__exit                   0x800'2f75   0x14  Code  Gb  exit.o [9]
__iar_Memcpy             0x800'1681         Code  Gb  ABImemcpy.o [8]
__iar_Memset4_word       0x800'09d9         Code  Gb  ABImemset.o [8]
__iar_Memset_word        0x800'09b9         Code  Gb  ABImemset.o [8]
__iar_copy_init3         0x800'2e89   0x30  Code  Gb  copy_init3.o [8]
__iar_data_init3         0x800'2ef1   0x28  Code  Gb  data_init.o [8]
__iar_program_start      0x800'2f89         Code  Gb  cstartup_M.o [8]
__iar_zero_init3         0x800'2e4d   0x3c  Code  Gb  zero_init3.o [8]
__low_level_init         0x800'2f5b    0x4  Code  Gb  low_level_init.o [7]
__vector_table           0x800'0000         Data  Gb  startup_stm32g031xx.o [1]
_call_main               0x800'2f49         Code  Gb  cmain.o [8]
_exit                    0x800'2f69         Code  Gb  cexit.o [8]
casCade_Proc             0x800'2db9    0xc  Code  Gb  SPI.o [3]
exit                     0x800'2f5f    0x8  Code  Gb  exit.o [7]
hdma_tim16_ch1          0x2000'1978   0x5c  Data  Gb  main.o [2]
hspi1                   0x2000'1914   0x64  Data  Gb  main.o [2]
htim16                  0x2000'19d4   0x4c  Data  Gb  main.o [2]
initTask                 0x800'2db5    0x2  Code  Gb  user_main.o [3]
main                     0x800'2799   0x42  Code  Gb  main.o [2]
mainTask                 0x800'2dad    0x8  Code  Gb  user_main.o [3]
mainTaskHandle          0x2000'1a6c    0x4  Data  Gb  main.o [2]
mainTask_attributes      0x800'2dc4   0x24  Data  Gb  main.o [2]
memset                   0x800'23f7   0x14  Code  Gb  memset.o [8]
osDelay                  0x800'2b63   0x1e  Code  Gb  cmsis_os2.o [6]
osKernelInitialize       0x800'2a3f   0x24  Code  Gb  cmsis_os2.o [6]
osKernelStart            0x800'2a65   0x2e  Code  Gb  cmsis_os2.o [6]
osThreadNew              0x800'2aa1   0xc2  Code  Gb  cmsis_os2.o [6]
prvAddCurrentTaskToDelayedList
                         0x800'0799   0x54  Code  Lc  tasks.o [6]
prvAddNewTaskToReadyList
                         0x800'021d   0x72  Code  Lc  tasks.o [6]
prvCheckForValidListAndQueue
                         0x800'0ee5   0x50  Code  Lc  timers.o [6]
prvCheckForValidListAndQueue{1}{2}{3}{4}::ucStaticTimerQueueStorage
                        0x2000'17d4   0xa0  Data  Lc  timers.o [6]
prvCheckForValidListAndQueue{1}{2}{3}{4}::xStaticTimerQueue
                        0x2000'1784   0x50  Data  Lc  timers.o [6]
prvCheckTasksWaitingTermination
                         0x800'0693   0x32  Code  Lc  tasks.o [6]
prvCopyDataFromQueue     0x800'1501   0x28  Code  Lc  queue.o [6]
prvCopyDataToQueue       0x800'148d   0x74  Code  Lc  queue.o [6]
prvDeleteTCB             0x800'06c5   0x2e  Code  Lc  tasks.o [6]
prvGetNextExpireTime     0x800'0d1d   0x1a  Code  Lc  timers.o [6]
prvHeapInit              0x800'090f   0x4a  Code  Lc  heap_4.o [6]
prvIdleTask              0x800'062d   0x14  Code  Lc  tasks.o [6]
prvInitialiseNewQueue    0x800'1169   0x22  Code  Lc  queue.o [6]
prvInitialiseNewTask     0x800'0181   0x9c  Code  Lc  tasks.o [6]
prvInitialiseTaskLists   0x800'0645   0x4e  Code  Lc  tasks.o [6]
prvInsertBlockIntoFreeList
                         0x800'0959   0x4e  Code  Lc  heap_4.o [6]
prvInsertTimerInActiveList
                         0x800'0d65   0x3e  Code  Lc  timers.o [6]
prvIsQueueEmpty          0x800'1597   0x18  Code  Lc  queue.o [6]
prvIsQueueFull           0x800'15af   0x1e  Code  Lc  queue.o [6]
prvProcessExpiredTimer   0x800'0c59   0x56  Code  Lc  timers.o [6]
prvProcessReceivedCommands
                         0x800'0da5   0xe2  Code  Lc  timers.o [6]
prvProcessTimerOrBlockTask
                         0x800'0cc3   0x5a  Code  Lc  timers.o [6]
prvResetNextTaskUnblockTime
                         0x800'06f3   0x1e  Code  Lc  tasks.o [6]
prvSampleTimeNow         0x800'0d37   0x26  Code  Lc  timers.o [6]
prvSampleTimeNow::xLastTime
                        0x2000'1a78    0x4  Data  Lc  timers.o [6]
prvSwitchTimerLists      0x800'0e89   0x5c  Code  Lc  timers.o [6]
prvTaskExitError         0x800'0abd   0x14  Code  Lc  port.o [6]
prvTimerTask             0x800'0caf   0x14  Code  Lc  timers.o [6]
prvUnlockQueue           0x800'1529   0x6e  Code  Lc  queue.o [6]
pvPortMalloc             0x800'07f5   0xc6  Code  Gb  heap_4.o [6]
pxCurrentTCB            0x2000'189c    0x4  Data  Gb  tasks.o [6]
pxCurrentTimerList      0x2000'174c    0x4  Data  Lc  timers.o [6]
pxDelayedTaskList       0x2000'18a0    0x4  Data  Lc  tasks.o [6]
pxEnd                   0x2000'001c    0x4  Data  Lc  heap_4.o [6]
pxOverflowDelayedTaskList
                        0x2000'18a4    0x4  Data  Lc  tasks.o [6]
pxOverflowTimerList     0x2000'1750    0x4  Data  Lc  timers.o [6]
pxPortInitialiseStack    0x800'0aa1   0x1c  Code  Gb  port.o [6]
pxReadyTasksLists       0x2000'0c34  0x460  Data  Lc  tasks.o [6]
sHandleSPI              0x2000'1a60    0xc  Data  Lc  SPI.o [3]
startMainTask            0x800'299d   0x14  Code  Gb  main.o [2]
startSubTask             0x800'29b1   0x10  Code  Gb  main.o [2]
subTask                  0x800'2db7    0x2  Code  Gb  user_main.o [3]
subTaskHandle           0x2000'1a70    0x4  Data  Gb  main.o [2]
subTask_attributes       0x800'2de8   0x24  Data  Gb  main.o [2]
ucHeap                  0x2000'0034  0xc00  Data  Lc  heap_4.o [6]
ulSetInterruptMaskFromISR
                         0x800'0fad         Code  Gb  portasm.o [6]
uwTick                  0x2000'0008    0x4  Data  Gb  stm32g0xx_hal.o [5]
uwTickFreq              0x2000'0004    0x1  Data  Gb  stm32g0xx_hal.o [5]
uwTickPrio              0x2000'000c    0x4  Data  Gb  stm32g0xx_hal.o [5]
uxCriticalNesting       0x2000'0000    0x4  Data  Lc  port.o [6]
uxCurrentNumberOfTasks  0x2000'18c0    0x4  Data  Lc  tasks.o [6]
uxDeletedTasksWaitingCleanUp
                        0x2000'18a8    0x4  Data  Lc  tasks.o [6]
uxListRemove             0x800'0a79   0x26  Code  Gb  list.o [6]
uxSchedulerSuspended    0x2000'18e8    0x4  Data  Lc  tasks.o [6]
uxTaskNumber            0x2000'18dc    0x4  Data  Lc  tasks.o [6]
uxTopReadyPriority      0x2000'18c8    0x4  Data  Lc  tasks.o [6]
vApplicationGetIdleTaskMemory
                         0x800'0b95   0x14  Code  Wk  cmsis_os2.o [6]
vApplicationGetIdleTaskMemory::Idle_Stack
                        0x2000'154c  0x200  Data  Lc  cmsis_os2.o [6]
vApplicationGetIdleTaskMemory::Idle_TCB
                        0x2000'14f0   0x5c  Data  Lc  cmsis_os2.o [6]
vApplicationGetTimerTaskMemory
                         0x800'1071   0x18  Code  Wk  cmsis_os2.o [6]
vApplicationGetTimerTaskMemory::Timer_Stack
                        0x2000'10f0  0x400  Data  Lc  cmsis_os2.o [6]
vApplicationGetTimerTaskMemory::Timer_TCB
                        0x2000'1094   0x5c  Data  Lc  cmsis_os2.o [6]
vClearInterruptMaskFromISR
                         0x800'0fb5         Code  Gb  portasm.o [6]
vListInitialise          0x800'0a07   0x1e  Code  Gb  list.o [6]
vListInitialiseItem      0x800'0a25    0x6  Code  Gb  list.o [6]
vListInsert              0x800'0a43   0x36  Code  Gb  list.o [6]
vListInsertEnd           0x800'0a2b   0x18  Code  Gb  list.o [6]
vPortEnterCritical       0x800'0b11   0x14  Code  Gb  port.o [6]
vPortExitCritical        0x800'0b25   0x18  Code  Gb  port.o [6]
vPortFree                0x800'08bd   0x52  Code  Gb  heap_4.o [6]
vPortSetupTimerInterrupt
                         0x800'0b5d   0x20  Code  Wk  port.o [6]
vPortStartFirstTask      0x800'0f8b         Code  Gb  portasm.o [6]
vPortYield               0x800'0afd   0x12  Code  Gb  port.o [6]
vQueueAddToRegistry      0x800'15cd   0x20  Code  Gb  queue.o [6]
vQueueWaitForMessageRestricted
                         0x800'15f1   0x4a  Code  Gb  queue.o [6]
vSetMSP                  0x800'0f45         Code  Gb  portasm.o [6]
vTaskDelay               0x800'0291   0x30  Code  Gb  tasks.o [6]
vTaskInternalSetTimeOutState
                         0x800'05b5    0xc  Code  Gb  tasks.o [6]
vTaskMissedYield         0x800'0625    0x8  Code  Gb  tasks.o [6]
vTaskPlaceOnEventList    0x800'0509   0x20  Code  Gb  tasks.o [6]
vTaskPlaceOnEventListRestricted
                         0x800'0529   0x2a  Code  Gb  tasks.o [6]
vTaskStartScheduler      0x800'02c9   0x66  Code  Gb  tasks.o [6]
vTaskSuspendAll          0x800'0339    0xa  Code  Gb  tasks.o [6]
vTaskSwitchContext       0x800'04b9   0x50  Code  Gb  tasks.o [6]
xActiveTimerList1       0x2000'175c   0x14  Data  Lc  timers.o [6]
xActiveTimerList2       0x2000'1770   0x14  Data  Lc  timers.o [6]
xBlockAllocatedBit      0x2000'0030    0x4  Data  Lc  heap_4.o [6]
xDelayedTaskList1       0x2000'18ec   0x14  Data  Lc  tasks.o [6]
xDelayedTaskList2       0x2000'1900   0x14  Data  Lc  tasks.o [6]
xFreeBytesRemaining     0x2000'0020    0x4  Data  Lc  heap_4.o [6]
xIdleTaskHandle         0x2000'18e4    0x4  Data  Lc  tasks.o [6]
xMinimumEverFreeBytesRemaining
                        0x2000'0024    0x4  Data  Lc  heap_4.o [6]
xNextTaskUnblockTime    0x2000'18e0    0x4  Data  Lc  tasks.o [6]
xNumOfOverflows         0x2000'18d8    0x4  Data  Lc  tasks.o [6]
xNumberOfSuccessfulAllocations
                        0x2000'0028    0x4  Data  Lc  heap_4.o [6]
xNumberOfSuccessfulFrees
                        0x2000'002c    0x4  Data  Lc  heap_4.o [6]
xPendedTicks            0x2000'18d0    0x4  Data  Lc  tasks.o [6]
xPendingReadyList       0x2000'1874   0x14  Data  Lc  tasks.o [6]
xPortStartScheduler      0x800'0ad1   0x2a  Code  Gb  port.o [6]
xPortSysTickHandler      0x800'0b3d   0x20  Code  Gb  port.o [6]
xQueueGenericCreateStatic
                         0x800'10fd   0x6c  Code  Gb  queue.o [6]
xQueueGenericReset       0x800'1089   0x74  Code  Gb  queue.o [6]
xQueueGenericSend        0x800'118d  0x13e  Code  Gb  queue.o [6]
xQueueGenericSendFromISR
                         0x800'12cd   0xa4  Code  Gb  queue.o [6]
xQueueReceive            0x800'1371  0x11a  Code  Gb  queue.o [6]
xQueueRegistry          0x2000'1a20   0x40  Data  Gb  queue.o [6]
xSchedulerRunning       0x2000'18cc    0x4  Data  Lc  tasks.o [6]
xStart                  0x2000'0014    0x8  Data  Lc  heap_4.o [6]
xSuspendedTaskList      0x2000'18ac   0x14  Data  Lc  tasks.o [6]
xTaskCheckForTimeOut     0x800'05c1   0x5e  Code  Gb  tasks.o [6]
xTaskCreate              0x800'011d   0x62  Code  Gb  tasks.o [6]
xTaskCreateStatic        0x800'00c1   0x5c  Code  Gb  tasks.o [6]
xTaskGetSchedulerState   0x800'0711   0x1a  Code  Gb  tasks.o [6]
xTaskGetTickCount        0x800'03e5    0x6  Code  Gb  tasks.o [6]
xTaskIncrementTick       0x800'03f9   0xba  Code  Gb  tasks.o [6]
xTaskPriorityDisinherit
                         0x800'072d   0x5e  Code  Gb  tasks.o [6]
xTaskRemoveFromEventList
                         0x800'0555   0x5e  Code  Gb  tasks.o [6]
xTaskResumeAll           0x800'0345   0xa0  Code  Gb  tasks.o [6]
xTasksWaitingTermination
                        0x2000'1888   0x14  Data  Lc  tasks.o [6]
xTickCount              0x2000'18c4    0x4  Data  Lc  tasks.o [6]
xTimerCreateTimerTask    0x800'0ba9   0x52  Code  Gb  timers.o [6]
xTimerGenericCommand     0x800'0c05   0x54  Code  Gb  timers.o [6]
xTimerQueue             0x2000'1754    0x4  Data  Lc  timers.o [6]
xTimerTaskHandle        0x2000'1758    0x4  Data  Lc  timers.o [6]
xYieldPending           0x2000'18d4    0x4  Data  Lc  tasks.o [6]


[1] = C:\Users\cube_\OneDrive\Github\K_segment_driver\STM32G031J6M6\EWARM\STM32G031J6M6\Obj\Application\EWARM
[2] = C:\Users\cube_\OneDrive\Github\K_segment_driver\STM32G031J6M6\EWARM\STM32G031J6M6\Obj\Application\User\Core
[3] = C:\Users\cube_\OneDrive\Github\K_segment_driver\STM32G031J6M6\EWARM\STM32G031J6M6\Obj\Application\User\Main\Src
[4] = C:\Users\cube_\OneDrive\Github\K_segment_driver\STM32G031J6M6\EWARM\STM32G031J6M6\Obj\Drivers\CMSIS
[5] = C:\Users\cube_\OneDrive\Github\K_segment_driver\STM32G031J6M6\EWARM\STM32G031J6M6\Obj\Drivers\STM32G0xx_HAL_Driver
[6] = C:\Users\cube_\OneDrive\Github\K_segment_driver\STM32G031J6M6\EWARM\STM32G031J6M6\Obj\Middlewares\FreeRTOS
[7] = dl6M_tlf.a
[8] = rt6M_tl.a
[9] = shb_l.a

  12'082 bytes of readonly  code memory
     212 bytes of readonly  data memory
   7'804 bytes of readwrite data memory

Errors: none
Warnings: none
