###############################################################################
#
# IAR ELF Linker V9.32.2.340/W64 for ARM                  12/Nov/2023  21:24:54
# Copyright 2007-2023 IAR Systems AB.
#
#    Output file  =
#        C:\Users\cube_\OneDrive\Github\K_segment_driver\STM32G031J6M6\EWARM\STM32G031J6M6\Exe\STM32G031J6M6.out
#    Map file     =
#        C:\Users\cube_\OneDrive\Github\K_segment_driver\STM32G031J6M6\EWARM\STM32G031J6M6\List\STM32G031J6M6.map
#    Command line =
#        -f
#        C:\Users\cube_\OneDrive\Github\K_segment_driver\STM32G031J6M6\EWARM\STM32G031J6M6\Exe\STM32G031J6M6.out.rsp
#        (C:\Users\cube_\OneDrive\Github\K_segment_driver\STM32G031J6M6\EWARM\STM32G031J6M6\Obj\Application\User\Main\Src\flash.o
#        C:\Users\cube_\OneDrive\Github\K_segment_driver\STM32G031J6M6\EWARM\STM32G031J6M6\Obj\Application\User\Core\main.o
#        C:\Users\cube_\OneDrive\Github\K_segment_driver\STM32G031J6M6\EWARM\STM32G031J6M6\Obj\Application\User\Main\Src\neopixel.o
#        C:\Users\cube_\OneDrive\Github\K_segment_driver\STM32G031J6M6\EWARM\STM32G031J6M6\Obj\Application\User\Main\Src\spi.o
#        C:\Users\cube_\OneDrive\Github\K_segment_driver\STM32G031J6M6\EWARM\STM32G031J6M6\Obj\Application\EWARM\startup_stm32g031xx.o
#        C:\Users\cube_\OneDrive\Github\K_segment_driver\STM32G031J6M6\EWARM\STM32G031J6M6\Obj\Drivers\STM32G0xx_HAL_Driver\stm32g0xx_hal.o
#        C:\Users\cube_\OneDrive\Github\K_segment_driver\STM32G031J6M6\EWARM\STM32G031J6M6\Obj\Drivers\STM32G0xx_HAL_Driver\stm32g0xx_hal_cortex.o
#        C:\Users\cube_\OneDrive\Github\K_segment_driver\STM32G031J6M6\EWARM\STM32G031J6M6\Obj\Drivers\STM32G0xx_HAL_Driver\stm32g0xx_hal_dma.o
#        C:\Users\cube_\OneDrive\Github\K_segment_driver\STM32G031J6M6\EWARM\STM32G031J6M6\Obj\Drivers\STM32G0xx_HAL_Driver\stm32g0xx_hal_dma_ex.o
#        C:\Users\cube_\OneDrive\Github\K_segment_driver\STM32G031J6M6\EWARM\STM32G031J6M6\Obj\Drivers\STM32G0xx_HAL_Driver\stm32g0xx_hal_exti.o
#        C:\Users\cube_\OneDrive\Github\K_segment_driver\STM32G031J6M6\EWARM\STM32G031J6M6\Obj\Drivers\STM32G0xx_HAL_Driver\stm32g0xx_hal_flash.o
#        C:\Users\cube_\OneDrive\Github\K_segment_driver\STM32G031J6M6\EWARM\STM32G031J6M6\Obj\Drivers\STM32G0xx_HAL_Driver\stm32g0xx_hal_flash_ex.o
#        C:\Users\cube_\OneDrive\Github\K_segment_driver\STM32G031J6M6\EWARM\STM32G031J6M6\Obj\Drivers\STM32G0xx_HAL_Driver\stm32g0xx_hal_gpio.o
#        C:\Users\cube_\OneDrive\Github\K_segment_driver\STM32G031J6M6\EWARM\STM32G031J6M6\Obj\Application\User\Core\stm32g0xx_hal_msp.o
#        C:\Users\cube_\OneDrive\Github\K_segment_driver\STM32G031J6M6\EWARM\STM32G031J6M6\Obj\Drivers\STM32G0xx_HAL_Driver\stm32g0xx_hal_pwr.o
#        C:\Users\cube_\OneDrive\Github\K_segment_driver\STM32G031J6M6\EWARM\STM32G031J6M6\Obj\Drivers\STM32G0xx_HAL_Driver\stm32g0xx_hal_pwr_ex.o
#        C:\Users\cube_\OneDrive\Github\K_segment_driver\STM32G031J6M6\EWARM\STM32G031J6M6\Obj\Drivers\STM32G0xx_HAL_Driver\stm32g0xx_hal_rcc.o
#        C:\Users\cube_\OneDrive\Github\K_segment_driver\STM32G031J6M6\EWARM\STM32G031J6M6\Obj\Drivers\STM32G0xx_HAL_Driver\stm32g0xx_hal_rcc_ex.o
#        C:\Users\cube_\OneDrive\Github\K_segment_driver\STM32G031J6M6\EWARM\STM32G031J6M6\Obj\Drivers\STM32G0xx_HAL_Driver\stm32g0xx_hal_spi.o
#        C:\Users\cube_\OneDrive\Github\K_segment_driver\STM32G031J6M6\EWARM\STM32G031J6M6\Obj\Drivers\STM32G0xx_HAL_Driver\stm32g0xx_hal_spi_ex.o
#        C:\Users\cube_\OneDrive\Github\K_segment_driver\STM32G031J6M6\EWARM\STM32G031J6M6\Obj\Drivers\STM32G0xx_HAL_Driver\stm32g0xx_hal_tim.o
#        C:\Users\cube_\OneDrive\Github\K_segment_driver\STM32G031J6M6\EWARM\STM32G031J6M6\Obj\Drivers\STM32G0xx_HAL_Driver\stm32g0xx_hal_tim_ex.o
#        C:\Users\cube_\OneDrive\Github\K_segment_driver\STM32G031J6M6\EWARM\STM32G031J6M6\Obj\Application\User\Core\stm32g0xx_it.o
#        C:\Users\cube_\OneDrive\Github\K_segment_driver\STM32G031J6M6\EWARM\STM32G031J6M6\Obj\Drivers\STM32G0xx_HAL_Driver\stm32g0xx_ll_dma.o
#        C:\Users\cube_\OneDrive\Github\K_segment_driver\STM32G031J6M6\EWARM\STM32G031J6M6\Obj\Drivers\STM32G0xx_HAL_Driver\stm32g0xx_ll_rcc.o
#        C:\Users\cube_\OneDrive\Github\K_segment_driver\STM32G031J6M6\EWARM\STM32G031J6M6\Obj\Application\User\Main\Src\support.o
#        C:\Users\cube_\OneDrive\Github\K_segment_driver\STM32G031J6M6\EWARM\STM32G031J6M6\Obj\Drivers\CMSIS\system_stm32g0xx.o
#        C:\Users\cube_\OneDrive\Github\K_segment_driver\STM32G031J6M6\EWARM\STM32G031J6M6\Obj\Application\User\Main\Src\tim.o
#        C:\Users\cube_\OneDrive\Github\K_segment_driver\STM32G031J6M6\EWARM\STM32G031J6M6\Obj\Application\User\Main\Src\user_main.o
#        --no_out_extension -o
#        C:\Users\cube_\OneDrive\Github\K_segment_driver\STM32G031J6M6\EWARM\STM32G031J6M6\Exe\STM32G031J6M6.out
#        --redirect _Printf=_PrintfFullNoMb --redirect _Scanf=_ScanfFullNoMb
#        --map
#        C:\Users\cube_\OneDrive\Github\K_segment_driver\STM32G031J6M6\EWARM\STM32G031J6M6\List\STM32G031J6M6.map
#        --config
#        C:\Users\cube_\OneDrive\Github\K_segment_driver\STM32G031J6M6\EWARM/stm32g031xx_flash.icf
#        --semihosting --entry __iar_program_start --vfe --text_out locale
#        --cpu=Cortex-M0+ --fpu=None)
#
###############################################################################

*******************************************************************************
*** RUNTIME MODEL ATTRIBUTES
***

CppFlavor       = *
__CPP_Runtime   = 1
__SystemLibrary = DLib
__dlib_version  = 6


*******************************************************************************
*** HEAP SELECTION
***

The basic heap was selected because --advanced_heap
was not specified and the application did not appear to
be primarily optimized for speed.


*******************************************************************************
*** PLACEMENT SUMMARY
***

"A0":  place at address 0x800'0000 { ro section .intvec };
"P1":  place in [from 0x800'0000 to 0x800'ffff] { ro };
define block CSTACK with size = 1K, alignment = 8 { };
define block HEAP with size = 512, alignment = 8 { };
"P2":  place in [from 0x2000'0000 to 0x2000'1fff] {
          rw, block CSTACK, block HEAP };
initialize by copy { rw };

  Section            Kind         Address    Size  Object
  -------            ----         -------    ----  ------
"A0":                                        0xc0
  .intvec            ro code   0x800'0000    0xc0  startup_stm32g031xx.o [1]
                             - 0x800'00c0    0xc0

"P1":                                      0x27dd
  .text              ro code   0x800'00c0   0x9f6  stm32g0xx_hal_tim.o [5]
  .text              ro code   0x800'0ab6    0x3e  packbits_init_single.o [7]
  .text              ro code   0x800'0af4   0x174  stm32g0xx_hal_msp.o [2]
  .text              ro code   0x800'0c68     0x2  stm32g0xx_hal_tim.o [5]
  .text              ro code   0x800'0c6a     0x2  startup_stm32g031xx.o [1]
  .text              ro code   0x800'0c6c   0x34c  stm32g0xx_hal_dma.o [5]
  .text              ro code   0x800'0fb8     0x2  stm32g0xx_hal_tim.o [5]
  .text              ro code   0x800'0fba     0x2  stm32g0xx_hal_tim.o [5]
  .text              ro code   0x800'0fbc    0xc4  user_main.o [3]
  .text              ro code   0x800'1080     0x2  stm32g0xx_hal_tim.o [5]
  .text              ro code   0x800'1082     0x2  stm32g0xx_hal_tim_ex.o [5]
  .text              ro code   0x800'1084     0x2  stm32g0xx_hal_tim_ex.o [5]
  .text              ro code   0x800'1086     0x2  stm32g0xx_hal_tim.o [5]
  .text              ro code   0x800'1088     0x2  stm32g0xx_hal_tim_ex.o [5]
  .text              ro code   0x800'108a     0x2  stm32g0xx_hal_tim.o [5]
  .text              ro code   0x800'108c     0x2  stm32g0xx_hal_tim.o [5]
  .text              ro code   0x800'108e     0x2  startup_stm32g031xx.o [1]
  .text              ro code   0x800'1090    0x90  stm32g0xx_hal_cortex.o [5]
  .text              ro code   0x800'1120    0x14  memset.o [7]
  .text              ro code   0x800'1134   0x188  stm32g0xx_hal_gpio.o [5]
  .text              ro code   0x800'12bc   0x1ce  main.o [2]
  .text              ro code   0x800'148a     0x2  startup_stm32g031xx.o [1]
  .text              ro code   0x800'148c    0x36  I32DivMod.o [7]
  .text              ro code   0x800'14c2     0x2  startup_stm32g031xx.o [1]
  .text              ro code   0x800'14c4   0x860  stm32g0xx_hal_spi.o [5]
  .text              ro code   0x800'1d24   0x168  neopixel.o [3]
  .text              ro code   0x800'1e8c    0x28  stm32g0xx_hal.o [5]
  .text              ro code   0x800'1eb4     0xc  stm32g0xx_hal.o [5]
  .text              ro code   0x800'1ec0    0x4e  ABImemset.o [7]
  .text              ro code   0x800'1f0e     0x2  startup_stm32g031xx.o [1]
  .text              ro code   0x800'1f10    0x28  stm32g0xx_hal.o [5]
  .text              ro code   0x800'1f38    0xc4  stm32g0xx_hal_tim_ex.o [5]
  .text              ro code   0x800'1ffc    0x4c  stm32g0xx_hal_pwr_ex.o [5]
  .text              ro code   0x800'2048   0x5e0  stm32g0xx_hal_rcc.o [5]
  .text              ro code   0x800'2628     0x2  IntDivZer.o [7]
  .text              ro code   0x800'262a     0x2  stm32g0xx_hal_spi.o [5]
  .text              ro code   0x800'262c     0x2  stm32g0xx_hal_spi.o [5]
  .text              ro code   0x800'262e     0x2  startup_stm32g031xx.o [1]
  .text              ro code   0x800'2630    0x4c  stm32g0xx_hal.o [5]
  .rodata            const     0x800'267c    0x40  system_stm32g0xx.o [4]
  .text              ro code   0x800'26bc    0x3c  stm32g0xx_it.o [2]
  .text              ro code   0x800'26f8    0x10  stm32g0xx_hal.o [5]
  .text              ro code   0x800'2708    0x3c  zero_init3.o [7]
  .text              ro code   0x800'2744    0x28  data_init.o [7]
  .iar.init_table    const     0x800'276c    0x20  - Linker created -
  .text              ro code   0x800'278c    0x1e  cmain.o [7]
  .text              ro code   0x800'27aa     0x4  low_level_init.o [6]
  .text              ro code   0x800'27ae     0x8  exit.o [6]
  .text              ro code   0x800'27b6     0x2  startup_stm32g031xx.o [1]
  .text              ro code   0x800'27b8     0xa  cexit.o [7]
  .text              ro code   0x800'27c2     0x2  startup_stm32g031xx.o [1]
  .text              ro code   0x800'27c4    0x14  exit.o [8]
  .text              ro code   0x800'27d8    0x1c  cstartup_M.o [7]
  .text              ro code   0x800'27f4    0x10  startup_stm32g031xx.o [1]
  .text              ro code   0x800'2804     0x2  startup_stm32g031xx.o [1]
  .text              ro code   0x800'2806     0x2  startup_stm32g031xx.o [1]
  .text              ro code   0x800'2808     0x2  startup_stm32g031xx.o [1]
  .text              ro code   0x800'280a     0x2  startup_stm32g031xx.o [1]
  .text              ro code   0x800'280c     0x2  startup_stm32g031xx.o [1]
  .text              ro code   0x800'280e     0x2  startup_stm32g031xx.o [1]
  .text              ro code   0x800'2810     0x2  startup_stm32g031xx.o [1]
  .text              ro code   0x800'2812     0x2  startup_stm32g031xx.o [1]
  .text              ro code   0x800'2814     0x2  startup_stm32g031xx.o [1]
  .text              ro code   0x800'2816     0x2  startup_stm32g031xx.o [1]
  .text              ro code   0x800'2818     0x2  startup_stm32g031xx.o [1]
  .text              ro code   0x800'281a     0x2  startup_stm32g031xx.o [1]
  .text              ro code   0x800'281c     0x2  startup_stm32g031xx.o [1]
  .text              ro code   0x800'281e     0x2  startup_stm32g031xx.o [1]
  .text              ro code   0x800'2820     0x2  startup_stm32g031xx.o [1]
  .text              ro code   0x800'2822     0x2  startup_stm32g031xx.o [1]
  .text              ro code   0x800'2824     0x2  system_stm32g0xx.o [4]
  .rodata            const     0x800'2826     0x0  zero_init3.o [7]
  .rodata            const     0x800'2826     0x0  packbits_init_single.o [7]
  Initializer bytes  const     0x800'2826    0x77  <for P2-1>
                             - 0x800'289d  0x27dd

"P2", part 1 of 3:                          0x150
  P2-1                        0x2000'0000   0x150  <Init block>
    .data            inited   0x2000'0000    0x30  spi.o [3]
    .data            inited   0x2000'0030    0xb4  spi.o [3]
    .data            inited   0x2000'00e4    0x5c  spi.o [3]
    .data            inited   0x2000'0140     0xc  stm32g0xx_hal.o [5]
    .data            inited   0x2000'014c     0x4  system_stm32g0xx.o [4]
                            - 0x2000'0150   0x150

"P2", part 2 of 3:                          0x190
  .bss               zero     0x2000'0150    0xb0  main.o [2]
  .bss               zero     0x2000'0200    0x68  neopixel.o [3]
  .bss               zero     0x2000'0268    0x5c  main.o [2]
  .bss               zero     0x2000'02c4    0x18  user_main.o [3]
  .bss               zero     0x2000'02dc     0x4  user_main.o [3]
                            - 0x2000'02e0   0x190

"P2", part 3 of 3:                          0x400
  CSTACK                      0x2000'02e0   0x400  <Block>
    CSTACK           uninit   0x2000'02e0   0x400  <Block tail>
                            - 0x2000'06e0   0x400

Unused ranges:

         From           To    Size
         ----           --    ----
   0x800'289d   0x800'ffff  0xd763
  0x2000'06e0  0x2000'1fff  0x1920


*******************************************************************************
*** INIT TABLE
***

          Address      Size
          -------      ----
Zero (__iar_zero_init3)
    1 destination range, total size 0x190:
          0x2000'0150  0x190

Copy/packbits (__iar_packbits_init_single3)
    1 source range, total size 0x77 (35% of destination):
           0x800'2826   0x77
    1 destination range, total size 0x150:
          0x2000'0000  0x150



*******************************************************************************
*** MODULE SUMMARY
***

    Module                  ro code  ro data  rw data
    ------                  -------  -------  -------
command line/config:
    -------------------------------------------------
    Total:

C:\Users\cube_\OneDrive\Github\K_segment_driver\STM32G031J6M6\EWARM\STM32G031J6M6\Obj\Application\EWARM: [1]
    startup_stm32g031xx.o       256
    -------------------------------------------------
    Total:                      256

C:\Users\cube_\OneDrive\Github\K_segment_driver\STM32G031J6M6\EWARM\STM32G031J6M6\Obj\Application\User\Core: [2]
    main.o                      462               268
    stm32g0xx_hal_msp.o         372
    stm32g0xx_it.o               60
    -------------------------------------------------
    Total:                      894               268

C:\Users\cube_\OneDrive\Github\K_segment_driver\STM32G031J6M6\EWARM\STM32G031J6M6\Obj\Application\User\Main\Src: [3]
    neopixel.o                  360               104
    spi.o                                113      320
    user_main.o                 196                28
    -------------------------------------------------
    Total:                      556      113      452

C:\Users\cube_\OneDrive\Github\K_segment_driver\STM32G031J6M6\EWARM\STM32G031J6M6\Obj\Drivers\CMSIS: [4]
    system_stm32g0xx.o            2       66        4
    -------------------------------------------------
    Total:                        2       66        4

C:\Users\cube_\OneDrive\Github\K_segment_driver\STM32G031J6M6\EWARM\STM32G031J6M6\Obj\Drivers\STM32G0xx_HAL_Driver: [5]
    stm32g0xx_hal.o             184        4       12
    stm32g0xx_hal_cortex.o      144
    stm32g0xx_hal_dma.o         844
    stm32g0xx_hal_gpio.o        392
    stm32g0xx_hal_pwr_ex.o       76
    stm32g0xx_hal_rcc.o       1'504
    stm32g0xx_hal_spi.o       2'148
    stm32g0xx_hal_tim.o       2'564
    stm32g0xx_hal_tim_ex.o      202
    -------------------------------------------------
    Total:                    8'058        4       12

dl6M_tln.a: [6]
    exit.o                        8
    low_level_init.o              4
    -------------------------------------------------
    Total:                       12

rt6M_tl.a: [7]
    ABImemset.o                  78
    I32DivMod.o                  54
    IntDivZer.o                   2
    cexit.o                      10
    cmain.o                      30
    cstartup_M.o                 28
    data_init.o                  40
    memset.o                     20
    packbits_init_single.o       62
    zero_init3.o                 60
    -------------------------------------------------
    Total:                      384

shb_l.a: [8]
    exit.o                       20
    -------------------------------------------------
    Total:                       20

    Linker created                        32    1'024
-----------------------------------------------------
    Grand Total:             10'182      215    1'760


*******************************************************************************
*** ENTRY LIST
***

Entry                       Address   Size  Type      Object
-----                       -------   ----  ----      ------
.iar.init_table$$Base    0x800'276c          --   Gb  - Linker created -
.iar.init_table$$Limit   0x800'278c          --   Gb  - Linker created -
?main                    0x800'278d         Code  Gb  cmain.o [7]
ADC1_IRQHandler          0x800'2807         Code  Wk  startup_stm32g031xx.o [1]
AHBPrescTable            0x800'267c   0x40  Data  Gb  system_stm32g0xx.o [4]
CSTACK$$Base            0x2000'02e0          --   Gb  - Linker created -
CSTACK$$Limit           0x2000'06e0          --   Gb  - Linker created -
CS_EN                    0x800'0fbd   0x16  Code  Gb  user_main.o [3]
DMA1_Ch4_5_DMAMUX1_OVR_IRQHandler
                         0x800'2805         Code  Wk  startup_stm32g031xx.o [1]
DMA1_Channel1_IRQHandler
                         0x800'26cf    0xa  Code  Gb  stm32g0xx_it.o [2]
DMA1_Channel2_3_IRQHandler
                         0x800'27c3         Code  Wk  startup_stm32g031xx.o [1]
DMA_CalcDMAMUXChannelBaseAndMask
                         0x800'0f57   0x2a  Code  Lc  stm32g0xx_hal_dma.o [5]
DMA_CalcDMAMUXRequestGenBaseAndMask
                         0x800'0f81   0x20  Code  Lc  stm32g0xx_hal_dma.o [5]
DMA_SetConfig            0x800'0f19   0x3e  Code  Lc  stm32g0xx_hal_dma.o [5]
EXTI0_1_IRQHandler       0x800'1f0f         Code  Wk  startup_stm32g031xx.o [1]
EXTI2_3_IRQHandler       0x800'262f         Code  Wk  startup_stm32g031xx.o [1]
EXTI4_15_IRQHandler      0x800'27b7         Code  Wk  startup_stm32g031xx.o [1]
Error_Handler            0x800'1487    0x4  Code  Gb  main.o [2]
FLASH_IRQHandler         0x800'14c3         Code  Wk  startup_stm32g031xx.o [1]
HAL_DMA_Abort_IT         0x800'0d9f   0x7a  Code  Gb  stm32g0xx_hal_dma.o [5]
HAL_DMA_IRQHandler       0x800'0e29   0xea  Code  Gb  stm32g0xx_hal_dma.o [5]
HAL_DMA_Init             0x800'0c6d   0xa4  Code  Gb  stm32g0xx_hal_dma.o [5]
HAL_DMA_Start_IT         0x800'0d11   0x8e  Code  Gb  stm32g0xx_hal_dma.o [5]
HAL_Delay                0x800'1e8d   0x28  Code  Wk  stm32g0xx_hal.o [5]
HAL_GPIO_Init            0x800'1135  0x162  Code  Gb  stm32g0xx_hal_gpio.o [5]
HAL_GPIO_ReadPin         0x800'1297    0xc  Code  Gb  stm32g0xx_hal_gpio.o [5]
HAL_GetTick              0x800'1eb5    0xc  Code  Wk  stm32g0xx_hal.o [5]
HAL_IncTick              0x800'26f9   0x10  Code  Wk  stm32g0xx_hal.o [5]
HAL_Init                 0x800'1f11   0x24  Code  Gb  stm32g0xx_hal.o [5]
HAL_InitTick             0x800'2631   0x4c  Code  Wk  stm32g0xx_hal.o [5]
HAL_MspInit              0x800'0af5   0x38  Code  Gb  stm32g0xx_hal_msp.o [2]
HAL_NVIC_EnableIRQ       0x800'10d5   0x12  Code  Gb  stm32g0xx_hal_cortex.o [5]
HAL_NVIC_SetPriority     0x800'10cb    0x8  Code  Gb  stm32g0xx_hal_cortex.o [5]
HAL_PWREx_ControlVoltageScaling
                         0x800'1ffd   0x3a  Code  Gb  stm32g0xx_hal_pwr_ex.o [5]
HAL_RCC_ClockConfig      0x800'2421  0x14e  Code  Gb  stm32g0xx_hal_rcc.o [5]
HAL_RCC_GetSysClockFreq
                         0x800'2581   0x82  Code  Gb  stm32g0xx_hal_rcc.o [5]
HAL_RCC_OscConfig        0x800'2049  0x3c4  Code  Gb  stm32g0xx_hal_rcc.o [5]
HAL_SPI_ErrorCallback    0x800'262b    0x2  Code  Wk  stm32g0xx_hal_spi.o [5]
HAL_SPI_IRQHandler       0x800'1775  0x10a  Code  Gb  stm32g0xx_hal_spi.o [5]
HAL_SPI_Init             0x800'14c5  0x104  Code  Gb  stm32g0xx_hal_spi.o [5]
HAL_SPI_MspInit          0x800'0b2d   0x68  Code  Gb  stm32g0xx_hal_msp.o [2]
HAL_SPI_Receive_IT       0x800'15cd   0xc6  Code  Gb  stm32g0xx_hal_spi.o [5]
HAL_SPI_RxCpltCallback   0x800'104f   0x14  Code  Gb  user_main.o [3]
HAL_SPI_TransmitReceive_IT
                         0x800'1699   0xb6  Code  Gb  stm32g0xx_hal_spi.o [5]
HAL_SPI_TxRxCpltCallback
                         0x800'262d    0x2  Code  Wk  stm32g0xx_hal_spi.o [5]
HAL_SYSTICK_Config       0x800'10e7   0x28  Code  Gb  stm32g0xx_hal_cortex.o [5]
HAL_TIMEx_Break2Callback
                         0x800'1085    0x2  Code  Wk  stm32g0xx_hal_tim_ex.o [5]
HAL_TIMEx_BreakCallback
                         0x800'1083    0x2  Code  Wk  stm32g0xx_hal_tim_ex.o [5]
HAL_TIMEx_CommutCallback
                         0x800'1089    0x2  Code  Wk  stm32g0xx_hal_tim_ex.o [5]
HAL_TIMEx_ConfigBreakDeadTime
                         0x800'1f39   0x86  Code  Gb  stm32g0xx_hal_tim_ex.o [5]
HAL_TIM_Base_Init        0x800'00c1   0x1e  Code  Gb  stm32g0xx_hal_tim.o [5]
HAL_TIM_Base_MspInit     0x800'0b95   0x6a  Code  Gb  stm32g0xx_hal_msp.o [2]
HAL_TIM_ErrorCallback    0x800'108b    0x2  Code  Wk  stm32g0xx_hal_tim.o [5]
HAL_TIM_IC_CaptureCallback
                         0x800'0fb9    0x2  Code  Wk  stm32g0xx_hal_tim.o [5]
HAL_TIM_IRQHandler       0x800'043d  0x16a  Code  Gb  stm32g0xx_hal_tim.o [5]
HAL_TIM_MspPostInit      0x800'0bff   0x44  Code  Gb  stm32g0xx_hal_msp.o [2]
HAL_TIM_OC_DelayElapsedCallback
                         0x800'0fbb    0x2  Code  Wk  stm32g0xx_hal_tim.o [5]
HAL_TIM_PWM_ConfigChannel
                         0x800'05a9  0x120  Code  Gb  stm32g0xx_hal_tim.o [5]
HAL_TIM_PWM_Init         0x800'0123   0x1e  Code  Gb  stm32g0xx_hal_tim.o [5]
HAL_TIM_PWM_MspInit      0x800'0c69    0x2  Code  Wk  stm32g0xx_hal_tim.o [5]
HAL_TIM_PWM_PulseFinishedCallback
                         0x800'103f   0x10  Code  Gb  user_main.o [3]
HAL_TIM_PWM_PulseFinishedHalfCpltCallback
                         0x800'108d    0x2  Code  Wk  stm32g0xx_hal_tim.o [5]
HAL_TIM_PWM_Start_DMA    0x800'0141  0x1d2  Code  Gb  stm32g0xx_hal_tim.o [5]
HAL_TIM_PWM_Stop_DMA     0x800'0321    0x2  Code  Gb  stm32g0xx_hal_tim.o [5]
HAL_TIM_PeriodElapsedCallback
                         0x800'1081    0x2  Code  Wk  stm32g0xx_hal_tim.o [5]
HAL_TIM_TriggerCallback
                         0x800'1087    0x2  Code  Wk  stm32g0xx_hal_tim.o [5]
HardFault_Handler        0x800'26bf    0x2  Code  Gb  stm32g0xx_it.o [2]
I2C1_IRQHandler          0x800'2819         Code  Wk  startup_stm32g031xx.o [1]
I2C2_IRQHandler          0x800'281b         Code  Wk  startup_stm32g031xx.o [1]
LED_show                 0x800'1d25   0xac  Code  Gb  neopixel.o [3]
LPTIM1_IRQHandler        0x800'2811         Code  Wk  startup_stm32g031xx.o [1]
LPTIM2_IRQHandler        0x800'2813         Code  Wk  startup_stm32g031xx.o [1]
LPUART1_IRQHandler       0x800'2823         Code  Wk  startup_stm32g031xx.o [1]
NMI_Handler              0x800'26bd    0x2  Code  Gb  stm32g0xx_it.o [2]
PVD_IRQHandler           0x800'108f         Code  Wk  startup_stm32g031xx.o [1]
PendSV_Handler           0x800'26c3    0x2  Code  Gb  stm32g0xx_it.o [2]
RCC_IRQHandler           0x800'26cd    0x2  Code  Gb  stm32g0xx_it.o [2]
RTC_TAMP_IRQHandler      0x800'148b         Code  Wk  startup_stm32g031xx.o [1]
Region$$Table$$Base      0x800'276c          --   Gb  - Linker created -
Region$$Table$$Limit     0x800'278c          --   Gb  - Linker created -
Reset_Handler            0x800'27f5         Code  Wk  startup_stm32g031xx.o [1]
SPI1_IRQHandler          0x800'26e3    0xa  Code  Gb  stm32g0xx_it.o [2]
SPI2_IRQHandler          0x800'281d         Code  Wk  startup_stm32g031xx.o [1]
SPI_2linesRxISR_16BIT    0x800'194b   0x32  Code  Lc  stm32g0xx_hal_spi.o [5]
SPI_2linesRxISR_8BIT     0x800'1897   0x6a  Code  Lc  stm32g0xx_hal_spi.o [5]
SPI_2linesTxISR_16BIT    0x800'197d   0x2c  Code  Lc  stm32g0xx_hal_spi.o [5]
SPI_2linesTxISR_8BIT     0x800'1901   0x4a  Code  Lc  stm32g0xx_hal_spi.o [5]
SPI_CloseRxTx_ISR        0x800'1c8d   0x50  Code  Lc  stm32g0xx_hal_spi.o [5]
SPI_CloseRx_ISR          0x800'1cdd   0x38  Code  Lc  stm32g0xx_hal_spi.o [5]
SPI_DMAAbortOnError      0x800'1885   0x12  Code  Lc  stm32g0xx_hal_spi.o [5]
SPI_EndRxTransaction     0x800'1bc9   0x78  Code  Lc  stm32g0xx_hal_spi.o [5]
SPI_EndRxTxTransaction   0x800'1c41   0x4c  Code  Lc  stm32g0xx_hal_spi.o [5]
SPI_RxISR_16BIT          0x800'19dd   0x2a  Code  Lc  stm32g0xx_hal_spi.o [5]
SPI_RxISR_8BIT           0x800'19b3   0x2a  Code  Lc  stm32g0xx_hal_spi.o [5]
SPI_WaitFifoStateUntilTimeout
                         0x800'1acd   0xf4  Code  Lc  stm32g0xx_hal_spi.o [5]
SPI_WaitFlagStateUntilTimeout
                         0x800'1a07   0xc6  Code  Lc  stm32g0xx_hal_spi.o [5]
SVC_Handler              0x800'26c1    0x2  Code  Gb  stm32g0xx_it.o [2]
SysTick_Handler          0x800'26c5    0x8  Code  Gb  stm32g0xx_it.o [2]
SystemClock_Config       0x800'1415   0x72  Code  Gb  main.o [2]
SystemCoreClock         0x2000'014c    0x4  Data  Gb  system_stm32g0xx.o [4]
SystemInit               0x800'2825    0x2  Code  Gb  system_stm32g0xx.o [4]
TIM14_IRQHandler         0x800'2815         Code  Wk  startup_stm32g031xx.o [1]
TIM16_IRQHandler         0x800'2817         Code  Wk  startup_stm32g031xx.o [1]
TIM17_IRQHandler         0x800'26d9    0xa  Code  Gb  stm32g0xx_it.o [2]
TIM1_BRK_UP_TRG_COM_IRQHandler
                         0x800'2809         Code  Wk  startup_stm32g031xx.o [1]
TIM1_CC_IRQHandler       0x800'280b         Code  Wk  startup_stm32g031xx.o [1]
TIM2_IRQHandler          0x800'280d         Code  Wk  startup_stm32g031xx.o [1]
TIM3_IRQHandler          0x800'280f         Code  Wk  startup_stm32g031xx.o [1]
TIM_Base_SetConfig       0x800'07b9   0x72  Code  Gb  stm32g0xx_hal_tim.o [5]
TIM_CCxChannelCmd        0x800'0a9d   0x1a  Code  Gb  stm32g0xx_hal_tim.o [5]
TIM_DMADelayPulseCplt    0x800'0721   0x60  Code  Lc  stm32g0xx_hal_tim.o [5]
TIM_DMADelayPulseHalfCplt
                         0x800'0781   0x38  Code  Gb  stm32g0xx_hal_tim.o [5]
TIM_DMAError             0x800'06d5   0x4c  Code  Gb  stm32g0xx_hal_tim.o [5]
TIM_OC1_SetConfig        0x800'082b   0x68  Code  Lc  stm32g0xx_hal_tim.o [5]
TIM_OC2_SetConfig        0x800'0893   0x62  Code  Gb  stm32g0xx_hal_tim.o [5]
TIM_OC3_SetConfig        0x800'08f5   0x5e  Code  Lc  stm32g0xx_hal_tim.o [5]
TIM_OC4_SetConfig        0x800'0953   0x4c  Code  Lc  stm32g0xx_hal_tim.o [5]
TIM_OC5_SetConfig        0x800'09ad   0x48  Code  Lc  stm32g0xx_hal_tim.o [5]
TIM_OC6_SetConfig        0x800'09fd   0x4c  Code  Lc  stm32g0xx_hal_tim.o [5]
USART1_IRQHandler        0x800'281f         Code  Wk  startup_stm32g031xx.o [1]
USART2_IRQHandler        0x800'2821         Code  Wk  startup_stm32g031xx.o [1]
WWDG_IRQHandler          0x800'0c6b         Code  Wk  startup_stm32g031xx.o [1]
__ICFEDIT_region_RAM_end__ {Abs}
                        0x2000'1fff         Data  Gb  <internal module>
__ICFEDIT_region_RAM_start__ {Abs}
                        0x2000'0000         Data  Gb  <internal module>
__NVIC_SetPriority       0x800'1091   0x3a  Code  Lc  stm32g0xx_hal_cortex.o [5]
__aeabi_idiv0            0x800'2629         Code  Gb  IntDivZer.o [7]
__aeabi_memset           0x800'1ec1         Code  Gb  ABImemset.o [7]
__cmain                  0x800'278d         Code  Gb  cmain.o [7]
__exit                   0x800'27c5   0x14  Code  Gb  exit.o [8]
__iar_Memset4_word       0x800'1ee1         Code  Gb  ABImemset.o [7]
__iar_Memset_word        0x800'1ecd         Code  Gb  ABImemset.o [7]
__iar_data_init3         0x800'2745   0x28  Code  Gb  data_init.o [7]
__iar_packbits_init_single3
                         0x800'0ab7   0x3e  Code  Gb  packbits_init_single.o [7]
__iar_program_start      0x800'27d9         Code  Gb  cstartup_M.o [7]
__iar_small_uidiv        0x800'148d         Code  Gb  I32DivMod.o [7]
__iar_small_uidivmod     0x800'148d         Code  Gb  I32DivMod.o [7]
__iar_zero_init3         0x800'2709   0x3c  Code  Gb  zero_init3.o [7]
__low_level_init         0x800'27ab    0x4  Code  Gb  low_level_init.o [6]
__vector_table           0x800'0000         Data  Gb  startup_stm32g031xx.o [1]
_call_main               0x800'2799         Code  Gb  cmain.o [7]
_exit                    0x800'27b9         Code  Gb  cexit.o [7]
dataSendFlag             0x800'1063    0x6  Code  Gb  user_main.o [3]
exit                     0x800'27af    0x8  Code  Gb  exit.o [6]
getDataSendFlag          0x800'1069    0x6  Code  Gb  user_main.o [3]
hdma_tim17_ch1          0x2000'0268   0x5c  Data  Gb  main.o [2]
hled                    0x2000'02dc    0x4  Data  Gb  user_main.o [3]
hspi1                   0x2000'0150   0x64  Data  Gb  main.o [2]
htim17                  0x2000'01b4   0x4c  Data  Gb  main.o [2]
initTask                 0x800'1025   0x1a  Code  Gb  user_main.o [3]
led                     0x2000'0200   0x68  Data  Gb  neopixel.o [3]
led_idx                 0x2000'0000   0x30  Data  Gb  spi.o [3]
led_segment             0x2000'0030   0xb4  Data  Gb  spi.o [3]
led_side                0x2000'00e4   0x5c  Data  Gb  spi.o [3]
main                     0x800'12bd  0x148  Code  Gb  main.o [2]
mainTask                 0x800'0fd3   0x52  Code  Gb  user_main.o [3]
memset                   0x800'1121   0x14  Code  Gb  memset.o [7]
show_segment             0x800'1dd1   0xa6  Code  Gb  neopixel.o [3]
uHandle                 0x2000'02c4   0x18  Data  Gb  user_main.o [3]
uwTick                  0x2000'0144    0x4  Data  Gb  stm32g0xx_hal.o [5]
uwTickFreq              0x2000'0140    0x1  Data  Gb  stm32g0xx_hal.o [5]
uwTickPrio              0x2000'0148    0x4  Data  Gb  stm32g0xx_hal.o [5]


[1] = C:\Users\cube_\OneDrive\Github\K_segment_driver\STM32G031J6M6\EWARM\STM32G031J6M6\Obj\Application\EWARM
[2] = C:\Users\cube_\OneDrive\Github\K_segment_driver\STM32G031J6M6\EWARM\STM32G031J6M6\Obj\Application\User\Core
[3] = C:\Users\cube_\OneDrive\Github\K_segment_driver\STM32G031J6M6\EWARM\STM32G031J6M6\Obj\Application\User\Main\Src
[4] = C:\Users\cube_\OneDrive\Github\K_segment_driver\STM32G031J6M6\EWARM\STM32G031J6M6\Obj\Drivers\CMSIS
[5] = C:\Users\cube_\OneDrive\Github\K_segment_driver\STM32G031J6M6\EWARM\STM32G031J6M6\Obj\Drivers\STM32G0xx_HAL_Driver
[6] = dl6M_tln.a
[7] = rt6M_tl.a
[8] = shb_l.a

  10'182 bytes of readonly  code memory
     215 bytes of readonly  data memory
   1'760 bytes of readwrite data memory

Errors: none
Warnings: none
